FILE COP.TSK;2 MEMORY ALLOCATION MAP

THIS ALLOCATION WAS DONE ON 14-APR-81

AT 14:39 BY TASK BUILDER VERSION       




*** ROOT SEGMENT: COPY  



R/W MEM  LIMITS: 100000 105217 005220

STACK    LIMITS: 100204 100603 000400

DISK BLK LIMITS: 000002 000007 000006

IDENTIFICATION : V003B 

PRG XFR ADDRESS: 101146

TASK ATTRIBUTES: NC         



PROGRAM SECTION ALLOCATION SYNOPSIS:


<. BLK.>: 100604 104221 003416

<TEXT  >: 104222 105217 000776

<. ABS.>: 000000 000000 000000



*** FILE: COPY.OBJ;6  TITLE: COPY    IDENT: V003B 


<. BLK.>: 100604 104221 003416



<TEXT  >: 104222 105217 000776




*** FILE: EXEC.STB;1  TITLE: EXELIB  IDENT: B14420


<. ABS.>: 000000 000000 000000


    E.FCTC 000077    IE.BLK 177754    IE.EOF 177766    IE.VER 177774  

    IE.WLK 177764    IO.RLB 001000    IO.WLB 000400    IS.SET 000002  

    N.OVPT 000054    $DSW   000046    $OTSV  000052    .FSRPT 000050  

COPY       CREATED BY  TKB    ON 14-APR-81 AT 14:39	PAGE 1


GLOBAL CROSS REFERENCE                                  CREF         


SYMBOL	VALUE	   REFERENCES...


E.FCTC	000077      COPY    # EXELIB

IE.BLK	177754      COPY    # EXELIB

IE.EOF	177766      COPY    # EXELIB

IE.VER	177774      COPY    # EXELIB

IE.WLK	177764      COPY    # EXELIB

IO.RLB	001000      COPY    # EXELIB

IO.WLB	000400      COPY    # EXELIB

IS.SET	000002      COPY    # EXELIB

N.OVPT	000054    # EXELIB

$DSW  	000046      COPY    # EXELIB

$OTSV 	000052    # EXELIB

.FSRPT	000050    # EXELIB
