FILE PIP.TSK;1321 MEMORY ALLOCATION MAP

THIS ALLOCATION WAS DONE ON 14-APR-81

AT 13:45 BY TASK BUILDER VERSION       




*** ROOT SEGMENT: PIPLIB



R/W MEM  LIMITS: 100000 115263 015264

STACK    LIMITS: 100210 100607 000400

DISK BLK LIMITS: 000002 000017 000016

IDENTIFICATION : M1321 

PRG XFR ADDRESS: 107534

TASK ATTRIBUTES: NC         



PROGRAM SECTION ALLOCATION SYNOPSIS:


<. BLK.>: 100610 104513 003704

<IMPURE>: 104514 106643 002130

<MSGSTR>: 106644 106673 000030

<PURE$D>: 106674 107533 000640

<PURE$I>: 107534 113315 003562

<$$ALER>: 113316 113341 000024

<$$AUTO>: 113342 113475 000134

<$$FSR1>: 113476 113476 000000

<$$FSR2>: 113476 113577 000102

<$$OVCT>: 113600 114053 000254

<$$OVDT>: 000000 000000 000000

<$$RESL>: 114054 114607 000534

<. ABS.>: 000000 000000 000000



*** FILE: PIPLIB.OLB;6  TITLE: PIP     IDENT: M1321 


<. ABS.>: 000000 000000 000000


    APPDBT 000020    BLKBIT 002000    CMOLUN 000002    CNTGBT 000004  

    DELBIT 000020    DFDRSZ 000011    DFLTBT 000400    ENTRBT 000004  

    EVRYBT 000004    FIDBIT 001000    FNAEFN 000001    FOWNBT 040000  

    FREEBT 000100    FRSTIM 100000    GRPROB 000040    HA.CHU 000403  

    HA.FP  001002    HA.UI  001001    IDBIT  000200    IDNTSZ 000021  

    ILCLSW 004000    INLUN  000003    LINBFS 000220    LSTBIT 000001  

    MERGBT 000010    MFDBIT 000010    MOIDSZ 000007    NB.SDI 001400  

    NB.SFL 001470    NB.SFN 000070    NTCNTG 004000    NVERBT 010000  

    OUTLUN 000004    OWPROB 000100    PROTBT 002000    PURGBT 000040  

    RATEFN 000002    RMVBIT 000100    RNMBIT 000002    RWEFN  000003  

    SHTLST 000002    SPLBIT 000001    SPSDBT 020000    SYDEV  054523  

    SYPROB 000200    SYUNIT 000000    S.STBK 000012    S.WUIC 000054  

    TAB    000011    TOTLBT 000010    UNLKBT 001000    UPDTBT 000040  

    WOPROB 000020  


<MSGSTR>: 106644 106673 000030


    IDNTMG 106644-R  MOIDMG 106665-R


<PURE$D>: 106674 107505 000612


    BLKVAL 107460-R  CMDTBL 106732-R  CMDTB2 106760-R  CSISWT 106776-R

    FIDVAL 107434-R  FULVAL 107452-R  GRVAL  107376-R  OWVAL  107404-R

    PRVAL  107420-R  PURGVL 107426-R  SSTTAB 107466-R  SYVAL  107412-R

    WOVAL  107370-R  .ABORT 107504-R  .MSGFN 106674-R


<$$FSR1>: 113476 113476 000000



<IMPURE>: 104514 106475 001762


    BLKCNT 106434-R  CMDWRD 106356-R  CODEV  105036-R  COUNIT 105040-R

    CPYCTL 106362-R  CSIBLK 106302-R  DEFDIR 106374-R  FDBIN  104654-R

    FDBOUT 104514-R  FNASTS 105032-R  GCMLCB 105614-R  GROPRO 106412-R

    IFNPT  105262-R  INRACC 106370-R  INSPEC 105276-R  IOSTBK 105026-R

    IWUIC  105306-R  LINBUF 105042-R  LPTLEN 106432-R  NAMBLK 105520-R

    NMBLK1 105556-R  OFNPT  105362-R  OURACC 106372-R  OUSPEC 105376-R

    OWNPRO 106416-R  OWUIC  105406-R  PROWRD 106426-R  PURGCT 106430-R

    RATCTL 106464-R  SAVSP  106364-R  STBLK  105014-R  SYDFLT 105462-R

    SYSPRO 106422-R  VERSAV 106366-R  WORPRO 106406-R  .DEFDV 106442-R

    .DEFUN 106444-R  .DYBLK 106452-R  .DYBUF 106460-R  .DYBYT 106462-R

    .DYSIZ 106456-R  .EXTSZ 106446-R  .FOWNR 106450-R  .HDRAD 106472-R

    .LCLSW 106436-R  .OULCL 106440-R  .TOPAD 106454-R


<PURE$I>: 107534 107543 000010


    AGAIN  107540-R  CLOSX  107540-R  START  107534-R



*** FILE: PIPLIB.OLB;6  TITLE: PIPSBR  IDENT: M0211 


<PURE$I>: 107544 111233 001470


    CLOSE  107544-R  CLSIN  107642-R  CLSOUT 107550-R  CWLDUI 110144-R

    FINDFL 110412-R  FNDERR 110774-R  FNDNXT 110352-R  FSTOUT 107734-R

    INIPRO 107714-R  NXINOU 110042-R  NXTFIL 110434-R  NXTIN  110020-R

    NXTIN1 110034-R  NXTOUT 110002-R  PARSE  110306-R  PRSERR 110724-R

    PRSREG 110674-R  RECATT 107664-R  RMVERR 111054-R  RMVNXT 110472-R

    STNBK1 110220-R  STNMBK 110202-R  USEFID 110626-R  WLDVER 110124-R

    .DYALC 111114-R  .DYREL 111174-R



*** FILE: UTLLIB.OLB;3  TITLE: HDRSYM  IDENT: 01    


<. ABS.>: 000000 000000 000000


    HD.SUM 000776    HF.DEL 000010    HF.EXT 000004    HF.RAT 000001  

    HF.RDV 000001    HF.WRV 000002    HH.CH  000014    HH.CHS 000015  

    HH.CHU 000014    HH.FNU 000002    HH.FP  000012    HH.FSQ 000004  

    HH.GC  000011    HH.IDO 000000    HH.LEV 000006    HH.MAP 000001  

    HH.PC  000010    HH.UAL 000040    HH.UAT 000016    HH.UI  000010  

    HI.CDT 000031    HI.CTM 000040    HI.DAT 000007    HI.EXP 000046  

    HI.NAM 000000    HI.NA2 000002    HI.NA3 000004    HI.RDT 000014  

    HI.REV 000012    HI.RTM 000023    HI.TIM 000006    HI.TYP 000006  

    HI.VER 000010    HM.BN  000007    HM.CN  000006    HM.EFN 000002  

    HM.ESN 000004    HM.ESQ 000000    HM.MAX 000011    HM.PNT 000012  

    HM.RVN 000001    HM.USE 000010    HS.BAD 000100    HS.CON 000200  

    HS.MDL 000200    HS.PHL 000100    HS.TMP 000040  



*** FILE: UTLLIB.OLB;3  TITLE: PRSFND  IDENT: M0114 


<PURE$I>: 111234 112561 001326


    .FNDNX 111406-R  .NXDIR 111666-R  .PRSUI 112350-R  .WLDVC 112154-R

    .WPARS 111234-R



*** FILE: UTLLIB.OLB;3  TITLE: TMPDIR  IDENT: M0114 


<IMPURE>: 106476 106635 000140


    TDRFDB 106476-R


<PURE$D>: 107506 107533 000026



<PURE$I>: 112562 113007 000226


    TDRDEL 112640-R  TDRENT 112750-R  TDRINI 112562-R



*** FILE: UTLLIB.OLB;3  TITLE: MVSTRG  IDENT: M0001 


<. BLK.>: 100610 100623 000014


    MVSTRG 100610-R



*** FILE: UTLLIB.OLB;3  TITLE: IOCSI   IDENT: M0201 


<. ABS.>: 000000 000000 000000


    CS.SWF 000040  


<IMPURE>: 106636 106643 000006


    FILID  106636-R


<PURE$I>: 113010 113201 000172


    INCSI  113016-R  OUTCSI 113010-R



*** FILE: UTLLIB.OLB;3  TITLE: DFLTNM  IDENT: M0101 


<PURE$I>: 113202 113315 000114


    .DFLTN 113202-R



*** FILE: SYSLIB.OLB;1  TITLE: RWFSR2  IDENT: 0100MS


<. BLK.>: 100624 100757 000134


    .RDFDR 100624-R  .RDFFP 100700-R  .RFOWN 100730-R  .WDFDR 100650-R

    .WDFFP 100712-R  .WFOWN 100742-R



*** FILE: SYSLIB.OLB;1  TITLE: EDTMG   IDENT: 08    


<. BLK.>: 100760 101645 000666


    $EDMSG 101032-R



*** FILE: SYSLIB.OLB;1  TITLE: ASCPPN  IDENT: 0104MS


<. BLK.>: 101646 101765 000120


    .ASCPP 101646-R



*** FILE: SYSLIB.OLB;1  TITLE: FCSGBL  IDENT: 0722  


<. ABS.>: 000000 000000 000000


    A.BFSR 000004    A.DFBC 000100    A.DFDR 000050    A.DPB  000014  

    A.EFSR 000006    A.FIPR 000012    A.IOST 000044    A.OWUI 000010  

    B.BBFS 000010    B.BFST 000015    B.NXBD 000012    B.VBN  000004  

    D.DFDV 000024    D.DFID 000016    D.DFUN 000026    FA.APD 000100  

    FA.CRE 000010    FA.EXT 000004    FA.NSP 000100    FA.RD  000001  

    FA.SHR 000040    FA.TMP 000020    FA.WRT 000002    FD.BLK 000010  

    FD.CCL 000002    FD.CR  000002    FD.DIR 000010    FD.FTN 000001  

    FD.INS 000010    FD.PLC 000004    FD.RAH 000001    FD.RAN 000002  

    FD.REC 000001    FD.RWM 000001    FD.SDI 000020    FD.SQD 000040  

    FD.TTY 000004    FD.WBH 000002    FO.APD 000106    FO.MFY 000002  

    FO.RD  000001    FO.UPD 000006    FO.WRT 000016    F.ALOC 000040  

    F.BBFS 000062    F.BDB  000070    F.BGBC 000057    F.BKDN 000026  

    F.BKDS 000020    F.BKEF 000050    F.BKP1 000051    F.BKST 000024  

    F.BKVB 000064    F.CNTG 000034    F.DFNB 000046    F.DSPT 000044  

    F.DVNM 000134    F.EFBK 000010    F.EFN  000050    F.EOBB 000032  

    F.ERR  000052    F.FACC 000043    F.FFBY 000014    F.FNAM 000110  

    F.FNB  000102    F.FTYP 000116    F.FVER 000120    F.HIBK 000004  

    F.LUN  000042    F.MBCT 000054    F.MBC1 000055    F.MBFG 000056  

    F.NRBD 000024    F.NREC 000030    F.OVBS 000030    F.RACC 000016  

    F.RATT 000001    F.RCNM 000034    F.RCTL 000017    F.RSIZ 000002  

    F.RTYP 000000    F.STBK 000036    F.UNIT 000136    F.URBD 000020  

    F.VBN  000064    F.VBSZ 000060    NB.DEV 000200    NB.DIR 000100  

    NB.NAM 000004    NB.SD1 000400    NB.SD2 001000    NB.SNM 000040  

    NB.STP 000020    NB.SVR 000010    NB.TYP 000002    NB.VER 000001  

    N.DEVD 000000    N.DID  000024    N.DIRD 000004    N.DVNM 000032  

    N.FID  000000    N.FNAM 000006    N.FNMD 000010    N.FTYP 000014  

    N.FVER 000016    N.NEXT 000022    N.STAT 000020    N.UNIT 000034  

    R.FIX  000001    R.VAR  000002    S.BFHD 000020    S.FATT 000016  

    S.FDB  000140    S.FIDS 000014    S.FNAM 000006    S.FNB  000036  

    S.FNBW 000017    S.FNTY 000004    S.FSR2 000102    S.FTYP 000002  

    S.NFEN 000020  



*** FILE: SYSLIB.OLB;1  TITLE: QIOSYM  IDENT: 0300  


<. ABS.>: 000000 000000 000000


    IE.ABO 177761    IE.ACT 177771    IE.ADP 177636    IE.ALN 177736  

    IE.AST 177660    IE.BAD 177777    IE.BBE 177710    IE.BDI 177714  

    IE.BDR 177716    IE.BDV 177711    IE.BHD 177700    IE.BLK 177754  

    IE.BNM 177712    IE.BTF 177675    IE.BTP 177725    IE.BVR 177701  

    IE.BYT 177755    IE.CKP 177766    IE.CKS 177742    IE.CLO 177732  

    IE.CON 177752    IE.DAA 177770    IE.DAO 177763    IE.DFU 177750  

    IE.DNA 177771    IE.DNR 177775    IE.DUN 177767    IE.DUP 177707  

    IE.EBX 177776    IE.EOF 177766    IE.EOT 177702    IE.EOV 177765  

    IE.EXP 177676    IE.FEX 177717    IE.FHE 177705    IE.FOP 177713  

    IE.HFU 177744    IE.HWR 177772    IE.IDU 177644    IE.IEF 177637  

    IE.IFC 177776    IE.IFU 177747    IE.ILL 177726    IE.ILU 177640  

    IE.INS 177776    IE.IPR 177641    IE.ISQ 177703    IE.ITI 177643  

    IE.ITS 177770    IE.LCK 177745    IE.LNL 177646    IE.MBK 177721  

    IE.MOD 177753    IE.NBF 177731    IE.NBK 177727    IE.NFI 177704  

    IE.NLN 177733    IE.NNC 177674    IE.NOD 177751    IE.NSF 177746  

    IE.OFL 177677    IE.ONP 177773    IE.OVR 177756    IE.PRI 177760  

    IE.RAC 177724    IE.RAT 177723    IE.RBG 177730    IE.RCN 177722  

    IE.RER 177740    IE.RNM 177715    IE.RSU 177757    IE.SDP 177635  

    IE.SNC 177735    IE.SPC 177772    IE.SQC 177734    IE.SRE 177762  

    IE.STK 177706    IE.ULN 177773    IE.UPN 177777    IE.VER 177774  

    IE.WAC 177743    IE.WAT 177741    IE.WER 177737    IE.WLK 177764  

    IE.2DV 177720    IO.ACE 007400    IO.ACR 006400    IO.ACW 007000  

    IO.ADS 014000    IO.APC 014000    IO.APV 014010    IO.ATT 001400  

    IO.CCI 014000    IO.CCT 002460    IO.CLN 003400    IO.CON 015400  

    IO.CRC 001020    IO.CRE 012000    IO.CTI 015400    IO.CTL 016400  

    IO.DAC 010000    IO.DCI 014400    IO.DCT 002470    IO.DEL 012400  

    IO.DET 002000    IO.DIS 016000    IO.DTI 016000    IO.ENA 006000  

    IO.EOF 003000    IO.ESA 002500    IO.EXT 011400    IO.FDX 003020  

    IO.FNA 004400    IO.HDX 003010    IO.HIS 015000    IO.INL 002400  

    IO.ITI 017000    IO.KIL 000012    IO.LED 012000    IO.LOV 001010  

    IO.LTK 000050    IO.MCS 013400    IO.MDA 016000    IO.MDI 014400  

    IO.MDO 015400    IO.MLO 006000    IO.MOD 003000    IO.MSO 005000  

    IO.RAL 001010    IO.RAT 013000    IO.RBC 003000    IO.RCI 015000  

    IO.RCV 015000    IO.RDB 001200    IO.RDN 000022    IO.REL 013400  

    IO.RHD 001010    IO.RLB 001000    IO.RLV 001100    IO.RNA 005400  

    IO.RNC 001004    IO.RNE 001020    IO.RTC 003400    IO.RTI 016400  

    IO.RTK 000060    IO.RVB 010400    IO.RWD 002400    IO.RWU 002540  

    IO.R1C 002400    IO.SAO 004000    IO.SCS 013000    IO.SDI 013000  

    IO.SDO 012400    IO.SEC 002520    IO.SEM 002440    IO.SHT 002410  

    IO.SLO 005400    IO.SMO 002560    IO.SNM 002450    IO.SPB 002420  

    IO.SPF 002440    IO.SSO 004400    IO.SST 002430    IO.STC 002500  

    IO.STP 016400    IO.SYN 003040    IO.TRM 002410    IO.UNL 000042  

    IO.WAT 013400    IO.WLB 000400    IO.WLS 000410    IO.WLV 000500  

    IO.WVB 011000    IO.XMT 014400    IO.XNA 014410    IQ.Q   000002  

    IQ.X   000001    IS.BV  000005    IS.CLR 000000    IS.CR  006401  

    IS.ESC 015401    IS.PND 000000    IS.RDD 000002    IS.SET 000002  

    IS.SUC 000001    QI.VER 000300  



*** FILE: SYSLIB.OLB;1  TITLE: AUTO    IDENT: 07    


<$$AUTO>: 113342 113475 000134


    $AUTO  113342-R



*** FILE: SYSLIB.OLB;1  TITLE: OVRES   IDENT: 05    


<$$OVDT>: 000000 000000 000000


    N.ALER 000010    N.IOST 000004    N.OVLY 000000    N.STBL 000002  



*** FILE: SYSLIB.OLB;1  TITLE: CAT5    IDENT: 02    


<. BLK.>: 101766 102157 000172


    $CAT5  102004-R



*** FILE: SYSLIB.OLB;1  TITLE: CBTA    IDENT: 03    


<. BLK.>: 102160 102333 000154


    $CBDAT 102176-R  $CBDMG 102222-R  $CBDSG 102210-R  $CBOMG 102252-R

    $CBOSG 102240-R  $CBTMG 102160-R



*** FILE: SYSLIB.OLB;1  TITLE: CATB    IDENT: 03    


<. BLK.>: 102334 102427 000074


    $CDTB  102334-R  $COTB  102342-R



*** FILE: SYSLIB.OLB;1  TITLE: C5TA    IDENT: 02    


<. BLK.>: 102430 102537 000110


    $C5TA  102430-R



*** FILE: SYSLIB.OLB;1  TITLE: EDDAT   IDENT: 02    


<. BLK.>: 102540 103005 000246


    $DAT   102604-R  $TIM   102662-R



*** FILE: SYSLIB.OLB;1  TITLE: ARITH   IDENT: 03    


<. BLK.>: 103006 103075 000070


    $DIV   103040-R  $MUL   103006-R



*** FILE: SYSLIB.OLB;1  TITLE: OVCTL   IDENT: 08    


<. ABS.>: 000000 000000 000000


    O$VEF  000037  


<$$OVCT>: 113600 114053 000254


    $MARKS 113600-R  $RDSEG 113704-R



*** FILE: SYSLIB.OLB;1  TITLE: RQLCB   IDENT: 03    


<$$RESL>: 114054 114313 000240


    $RLCB  114054-R  $RQCB  114156-R



*** FILE: SYSLIB.OLB;1  TITLE: SAVAL   IDENT: 00    


<. BLK.>: 103076 103137 000042


    $SAVAL 103076-R



*** FILE: SYSLIB.OLB;1  TITLE: SAVRG   IDENT: 03    


<$$RESL>: 114314 114337 000024


    $SAVRG 114314-R



*** FILE: SYSLIB.OLB;1  TITLE: .CSI2   IDENT: 04    


<. BLK.>: 103140 104315 001156


    .CSI2  103140-R



*** FILE: SYSLIB.OLB;1  TITLE: .ODCVT  IDENT: X03.01


<$$RESL>: 114340 114553 000214


    .DCCVT 114344-R  .ODCVT 114340-R



*** FILE: SYSLIB.OLB;1  TITLE: FCSFSR  IDENT: 0302MS


<$$FSR1>: 113476 113476 000000



<$$FSR2>: 113476 113577 000102


    .FSRCB 113476-R  .MBFCT 113576-R



*** FILE: SYSLIB.OLB;1  TITLE: OVDAT   IDENT: 05    


<. ABS.>: 000000 000000 000000


    .NOVPT 000042  


<. BLK.>: 104316 104327 000012


    .NALER 104326-R  .NIOST 104322-R  .NOVLY 104316-R  .NSTBL 104320-R



*** FILE: SYSLIB.OLB;1  TITLE: ALERR   IDENT: 00    


<$$ALER>: 113316 113341 000024


    $ALERR 113316-R



*** FILE: SYSLIB.OLB;1  TITLE: PPNASC  IDENT: 0104MS


<. BLK.>: 104330 104513 000164


    .PPASC 104330-R



*** FILE: SYSLIB.OLB;1  TITLE: SAVR1   IDENT: 0101  


<$$RESL>: 114554 114607 000034


    .SAVR1 114554-R

*** SEGMENT: GETCMD



R/W MEM  LIMITS: 115264 121607 004324

DISK BLK LIMITS: 000020 000024 000005



PROGRAM SECTION ALLOCATION SYNOPSIS:


<. BLK.>: 115264 120203 002720

<MSGSTR>: 120204 120425 000222

<PURE$I>: 120426 121477 001052



*** FILE: PIPLIB.OLB;6  TITLE: PIPDSP  IDENT: M0216 


<PURE$I>: 120426 121305 000660


    PIPID  121300-R  .INIT  120426-R  .RSTAR 120634-R



*** FILE: UTLLIB.OLB;3  TITLE: GETCML  IDENT: M0103 


<PURE$I>: 121306 121477 000172


    GCMLER 121370-R  GETCML 121306-R


<MSGSTR>: 120204 120425 000222




*** FILE: SYSLIB.OLB;1  TITLE: .CSI1   IDENT: 05    


<. BLK.>: 115264 116541 001256


    .CSI1  115264-R



*** FILE: SYSLIB.OLB;1  TITLE: .GCML   IDENT: M13   


<. BLK.>: 116542 120203 001442


    .GCML1 116542-R  .GCML2 117300-R  .GCML3 117706-R

*** SEGMENT: SYSLIB



R/W MEM  LIMITS: 115264 116543 001260

DISK BLK LIMITS: 000025 000026 000002



PROGRAM SECTION ALLOCATION SYNOPSIS:


<. BLK.>: 115264 116541 001256



*** FILE: SYSLIB.OLB;1  TITLE: .CSI1   IDENT: 05    


<. BLK.>: 115264 116541 001256


    .CSI1  115264-R

*** SEGMENT: PIPCPY



R/W MEM  LIMITS: 115264 120667 003404

DISK BLK LIMITS: 000027 000032 000004



PROGRAM SECTION ALLOCATION SYNOPSIS:


<. BLK.>: 115264 115264 000000

<IMPURE>: 115264 115311 000026

<MSGSTR>: 115312 115312 000001

<PURE$I>: 115314 120605 003272



*** FILE: PIPLIB.OLB;6  TITLE: PIPCPY  IDENT: M0224 


<MSGSTR>: 115312 115312 000001



<IMPURE>: 115264 115311 000026



<PURE$I>: 115314 120413 003100


    COPY   115314-R



*** FILE: PIPLIB.OLB;6  TITLE: PIPSB1  IDENT: M0210 


<PURE$I>: 120414 120605 000172


    RDATT  120462-R  WRTATT 120414-R  .GFOWN 120514-R

*** SEGMENT: PIPDIR



R/W MEM  LIMITS: 115264 121723 004440

DISK BLK LIMITS: 000033 000037 000005



PROGRAM SECTION ALLOCATION SYNOPSIS:


<. BLK.>: 115264 115411 000126

<IMPURE>: 115412 115431 000020

<MSGSTR>: 115432 115671 000240

<PURE$D>: 115672 115705 000014

<PURE$I>: 115706 121573 003666

<$$RESL>: 121574 121673 000100



*** FILE: PIPLIB.OLB;6  TITLE: PIPDIR  IDENT: M0216 


<MSGSTR>: 115432 115640 000207



<IMPURE>: 115412 115431 000020



<PURE$I>: 115706 120413 002506


    DIRLST 115706-R



*** FILE: UTLLIB.OLB;3  TITLE: HDRMG   IDENT: M0114 


<PURE$D>: 115672 115705 000014


    HDRTB1 115672-R


<PURE$I>: 120414 121573 001160


    HDFILL 121450-R  HDRMG  120414-R


<MSGSTR>: 115641 115671 000031




*** FILE: UTLLIB.OLB;3  TITLE: CDDMG   IDENT: M0003 


<. BLK.>: 115264 115411 000126


    $CDDMG 115264-R



*** FILE: SYSLIB.OLB;1  TITLE: DARITH  IDENT: 0004  


<$$RESL>: 121574 121673 000100


    $DDIV  121632-R  $DMUL  121574-R

*** SEGMENT: PIPDEL



R/W MEM  LIMITS: 115264 120533 003250

DISK BLK LIMITS: 000040 000043 000004



PROGRAM SECTION ALLOCATION SYNOPSIS:


<. BLK.>: 115264 115264 000000

<PURE$I>: 115264 120461 003176



*** FILE: PIPLIB.OLB;6  TITLE: PIPDEL  IDENT: M0211 


<PURE$I>: 115264 116117 000634


    DELETE 115264-R  REMOVE 115264-R



*** FILE: PIPLIB.OLB;6  TITLE: PIPREN  IDENT: M0206 


<PURE$I>: 116120 117175 001056


    ENTER  116120-R  RENAME 116120-R



*** FILE: PIPLIB.OLB;6  TITLE: PIPPRO  IDENT: M0206 


<PURE$I>: 117176 117645 000450


    PROTCT 117176-R



*** FILE: PIPLIB.OLB;6  TITLE: PIPUNL  IDENT: M0202 


<PURE$I>: 117646 120077 000232


    UNLOCK 117646-R



*** FILE: PIPLIB.OLB;6  TITLE: PIPSPL  IDENT: M0206 


<PURE$I>: 120100 120267 000170


    SPOOL  120100-R



*** FILE: PIPLIB.OLB;6  TITLE: PIPSB1  IDENT: M0210 


<PURE$I>: 120270 120461 000172


    RDATT  120336-R  WRTATT 120270-R  .GFOWN 120370-R

*** SEGMENT: PIPFRE



R/W MEM  LIMITS: 115264 117427 002144

DISK BLK LIMITS: 000044 000046 000003



PROGRAM SECTION ALLOCATION SYNOPSIS:


<. BLK.>: 115264 116135 000652

<IMPURE>: 116136 116147 000012

<MSGSTR>: 116150 116242 000073

<PURE$D>: 116244 116301 000036

<PURE$I>: 116302 117225 000724

<$$RESL>: 117226 117325 000100



*** FILE: PIPLIB.OLB;6  TITLE: PIPFRE  IDENT: M0105 


<IMPURE>: 116136 116147 000012



<PURE$D>: 116244 116301 000036



<MSGSTR>: 116150 116242 000073



<PURE$I>: 116302 117225 000724


    .FREE  116302-R



*** FILE: PIPLIB.OLB;6  TITLE: PIPDEF  IDENT: M0004 


<. BLK.>: 115264 115541 000256


    .SETDF 115264-R



*** FILE: UTLLIB.OLB;3  TITLE: CDDMG   IDENT: M0003 


<. BLK.>: 115542 115667 000126


    $CDDMG 115542-R



*** FILE: SYSLIB.OLB;1  TITLE: DARITH  IDENT: 0004  


<$$RESL>: 117226 117325 000100


    $DDIV  117264-R  $DMUL  117226-R



*** FILE: SYSLIB.OLB;1  TITLE: READ    IDENT: 0100MS


<. BLK.>: 115670 115721 000032


    .READ  115670-R



*** FILE: SYSLIB.OLB;1  TITLE: WAITU   IDENT: 0100MS


<. BLK.>: 115722 115743 000022


    .WAIT  115722-R



*** FILE: SYSLIB.OLB;1  TITLE: RDWRIT  IDENT: 0102MS


<. BLK.>: 115744 116135 000172


    ..RWCK 115744-R  ..WTRD 116030-R

*** SEGMENT: TREE1 



R/W MEM  LIMITS: 121724 121724 000000

DISK BLK LIMITS: 000047 000047 000000



PROGRAM SECTION ALLOCATION SYNOPSIS:


*** SEGMENT: FCS   



R/W MEM  LIMITS: 121724 133273 011350

DISK BLK LIMITS: 000047 000060 000012



PROGRAM SECTION ALLOCATION SYNOPSIS:


<. BLK.>: 121724 133273 011350



*** FILE: SYSLIB.OLB;1  TITLE: OPFNB   IDENT: 0106S 


<. BLK.>: 121724 123475 001552


    .OPFNB 121724-R



*** FILE: SYSLIB.OLB;1  TITLE: CLOSE   IDENT: 0102S 


<. BLK.>: 123476 123733 000236


    .CLOSE 123476-R



*** FILE: SYSLIB.OLB;1  TITLE: GETSQ   IDENT: 0105MS


<. BLK.>: 123734 124455 000522


    .GETSQ 123734-R



*** FILE: SYSLIB.OLB;1  TITLE: PUTSQ   IDENT: 0101MS


<. BLK.>: 124456 125537 001062


    .PUTSQ 124456-R



*** FILE: SYSLIB.OLB;1  TITLE: DELETE  IDENT: 0101MS


<. BLK.>: 125540 125631 000072


    .DELET 125540-R



*** FILE: SYSLIB.OLB;1  TITLE: UDIREC  IDENT: 0100MS


<. BLK.>: 125632 125723 000072


    .ENTER 125632-R  .FIND  125672-R  .REMOV 125652-R



*** FILE: SYSLIB.OLB;1  TITLE: PNTMRK  IDENT: 0100MS


<. BLK.>: 125724 126011 000066


    .MARK  125764-R  .POINT 125724-R



*** FILE: SYSLIB.OLB;1  TITLE: XQIOU   IDENT: 0100MS


<. BLK.>: 126012 126047 000036


    .XQIO  126012-R



*** FILE: SYSLIB.OLB;1  TITLE: EXTEND  IDENT: 0100MS


<. BLK.>: 126050 126143 000074


    .EXTND 126050-R



*** FILE: SYSLIB.OLB;1  TITLE: ASSLUN  IDENT: 0102MS


<. BLK.>: 126144 126337 000174


    .ASLUN 126144-R  ..ALUN 126150-R



*** FILE: SYSLIB.OLB;1  TITLE: PARSE   IDENT: 0101MS


<. BLK.>: 126340 126433 000074


    .PARSE 126400-R  ..PARS 126412-R  ..STFN 126340-R



*** FILE: SYSLIB.OLB;1  TITLE: PARSDV  IDENT: 0102MS


<. BLK.>: 126434 126627 000174


    .PRSDV 126434-R  ..PSDV 126446-R



*** FILE: SYSLIB.OLB;1  TITLE: DIRFND  IDENT: 0104MS


<. BLK.>: 126630 126741 000112


    ..DIRF 126630-R



*** FILE: SYSLIB.OLB;1  TITLE: FINIT   IDENT: 0101MS


<. BLK.>: 126742 127045 000104


    .FINIT 126742-R  ..FINI 126752-R



*** FILE: SYSLIB.OLB;1  TITLE: XQIOI   IDENT: 0101MS


<. BLK.>: 127046 127173 000126


    ..IDPB 127144-R  ..XQIO 127046-R  ..XQI1 127064-R



*** FILE: SYSLIB.OLB;1  TITLE: EOFCHK  IDENT: 0100MS


<. BLK.>: 127174 127347 000154


    ..EFCK 127174-R  ..EFC1 127202-R  ..SEFB 127252-R



*** FILE: SYSLIB.OLB;1  TITLE: WAITI   IDENT: 0100MS


<. BLK.>: 127350 127457 000110


    ..QIOW 127350-R  ..WAEF 127410-R  ..WAIT 127370-R



*** FILE: SYSLIB.OLB;1  TITLE: COMMON  IDENT: 0101MS


<. BLK.>: 127460 127473 000014


    .FATAL 127472-R  ..FCSX 127460-R



*** FILE: SYSLIB.OLB;1  TITLE: BDBREC  IDENT: 0100MS


<. BLK.>: 127474 127555 000062


    ..BDRC 127474-R



*** FILE: SYSLIB.OLB;1  TITLE: BKRG    IDENT: 0100MS


<. BLK.>: 127556 127575 000020


    ..BKRG 127556-R



*** FILE: SYSLIB.OLB;1  TITLE: CREATE  IDENT: 0103MS


<. BLK.>: 127576 127763 000166


    ..CREA 127576-R



*** FILE: SYSLIB.OLB;1  TITLE: DEL     IDENT: 0100MS


<. BLK.>: 127764 130023 000040


    ..DEL1 127764-R



*** FILE: SYSLIB.OLB;1  TITLE: DIFND   IDENT: 0105MS


<. BLK.>: 130024 130161 000136


    ..DID  130024-R



*** FILE: SYSLIB.OLB;1  TITLE: DIRECT  IDENT: 0101MS


<. BLK.>: 130162 130247 000066


    ..ENTR 130162-R  ..FIND 130176-R  ..RMOV 130170-R



*** FILE: SYSLIB.OLB;1  TITLE: CKALOC  IDENT: 0103MS


<. BLK.>: 130250 130535 000266


    ..ALC1 130320-R  ..ALOC 130250-R  ..EXTD 130350-R  ..EXT1 130424-R



*** FILE: SYSLIB.OLB;1  TITLE: MKDL    IDENT: 0100MS


<. BLK.>: 130536 130553 000016


    ..MKDL 130536-R



*** FILE: SYSLIB.OLB;1  TITLE: MOVREC  IDENT: 0100MS


<. BLK.>: 130554 130667 000114


    ..MVRC 130616-R  ..MVRU 130554-R  ..MVR1 130622-R



*** FILE: SYSLIB.OLB;1  TITLE: PGCS    IDENT: 0100MS


<. BLK.>: 130670 130745 000056


    ..PGCS 130670-R  ..SQER 130734-R



*** FILE: SYSLIB.OLB;1  TITLE: POINT   IDENT: 0100MS


<. BLK.>: 130746 131101 000134


    ..PNT1 130746-R



*** FILE: SYSLIB.OLB;1  TITLE: PARSDI  IDENT: 0102MS


<. BLK.>: 131102 131317 000216


    .PRSDI 131102-R  ..PSDI 131114-R



*** FILE: SYSLIB.OLB;1  TITLE: PARDI   IDENT: 0102MS


<. BLK.>: 131320 131547 000230


    ..PDI  131320-R



*** FILE: SYSLIB.OLB;1  TITLE: PARSFN  IDENT: 0102MS


<. BLK.>: 131550 132317 000550


    .PRSFN 131550-R  ..PSFN 131562-R



*** FILE: SYSLIB.OLB;1  TITLE: RSTFDB  IDENT: 0101S 


<. BLK.>: 132320 132425 000106


    ..RFDB 132320-R



*** FILE: SYSLIB.OLB;1  TITLE: RETADR  IDENT: 0100MS


<. BLK.>: 132426 132535 000110


    ..RTAD 132426-R



*** FILE: SYSLIB.OLB;1  TITLE: RDWAIT  IDENT: 0101S 


<. BLK.>: 132536 132631 000074


    ..RWAC 132560-R  ..RWAT 132536-R



*** FILE: SYSLIB.OLB;1  TITLE: RWBLK   IDENT: 0101S 


<. BLK.>: 132632 132675 000044


    ..RBLK 132632-R  ..WBLK 132640-R



*** FILE: SYSLIB.OLB;1  TITLE: ASCR50  IDENT: 0104MS


<. BLK.>: 132676 133065 000170


    ..SGR5 132676-R



*** FILE: SYSLIB.OLB;1  TITLE: WATNOD  IDENT: 0100MS


<. BLK.>: 133066 133107 000022


    ..WAND 133066-R



*** FILE: SYSLIB.OLB;1  TITLE: WATSET  IDENT: 0101MS


<. BLK.>: 133110 133145 000036


    ..WAST 133110-R



*** FILE: SYSLIB.OLB;1  TITLE: WTWAIT  IDENT: 0100S 


<. BLK.>: 133146 133273 000126


    ..WTWA 133146-R  ..WTWD 133146-R  ..WTW1 133152-R

*** SEGMENT: ERROR 



R/W MEM  LIMITS: 121724 130713 006770

DISK BLK LIMITS: 000061 000067 000007



PROGRAM SECTION ALLOCATION SYNOPSIS:


<. BLK.>: 121724 121724 000000

<IMPURE>: 121724 124233 002310

<MSGSTR>: 124234 127076 002643

<PURE$D>: 127100 127213 000114

<PURE$I>: 127214 130713 001500



*** FILE: UTLLIB.OLB;3  TITLE: ERRTRP  IDENT: M0005 


<PURE$I>: 127214 127403 000170


    .ERTRP 127214-R



*** FILE: UTLLIB.OLB;3  TITLE: ERRPRT  IDENT: M0216 


<IMPURE>: 121724 122177 000254


    .MOFMT 121772-R  .MOPRM 121724-R


<MSGSTR>: 124234 124417 000164



<PURE$D>: 127100 127117 000020


    .EREFN 127116-R  .ERLUN 127114-R


<PURE$I>: 127404 130227 000624


    ERRPRT 127404-R  .ERPRT 127406-R  .GDRNM 130122-R  .SYNER 130162-R



*** FILE: UTLLIB.OLB;3  TITLE: FCSERR  IDENT: M0003 


<MSGSTR>: 124420 124472 000053


    FC03MG 124454-R


<PURE$D>: 127120 127155 000036



<PURE$I>: 130230 130317 000070


    FCSERR 130230-R  .FCSER 130230-R



*** FILE: UTLLIB.OLB;3  TITLE: GERRM   IDENT: M0007 


<PURE$D>: 127156 127213 000036



<IMPURE>: 122200 124233 002034


    .EOEFN 122212-R  .EOLUN 122210-R  .ERRBF 122234-R


<PURE$I>: 130320 130713 000374


    .GERRM 130320-R



*** FILE: PIPLIB.OLB;6  TITLE: PIPMSG  IDENT: M0015 


<. ABS.>: 000000 000000 000000


    CP01SZ 000046    CP02SZ 000017    CP03SZ 000055    CP04SZ 000056  

    CP05SZ 000042    CP10SZ 000050    CP11SZ 000047    CP12SZ 000041  

    CP13SZ 000027    CP14SZ 000030    CP15SZ 000040    CR01SZ 000024  

    CR02SZ 000016    CR03SZ 000045    DE01SZ 000036    DE02SZ 000014  

    DE04SZ 000037    DE08SZ 000020    DE09SZ 000025    DF01SZ 000024  

    DI05SZ 000032    DI06SZ 000036    DI07SZ 000035    DI08SZ 000026  

    DY01SZ 000041    FI01SZ 000026    FI02SZ 000023    FI03SZ 000017  

    FR01SZ 000042    OP01SZ 000032    OP02SZ 000033    OP04SZ 000033  

    OP05SZ 000034    OP06SZ 000036    OP07SZ 000022    OP08SZ 000053  

    RE02SZ 000035    RE03SZ 000071    RE04SZ 000050    RM01SZ 000040  

    RM02SZ 000031    SP01SZ 000041    SP02SZ 000027    UI01SZ 000024  

    UN01SZ 000032    UN02SZ 000031    UN03SZ 000017    UN04SZ 000024  


<MSGSTR>: 124473 127076 002404


    CP01MG 124602-R  CP02MG 124650-R  CP03MG 124667-R  CP04MG 124744-R

    CP05MG 125022-R  CP10MG 125064-R  CP11MG 125134-R  CP12MG 125203-R

    CP13MG 125244-R  CP14MG 125273-R  CP15MG 125323-R  CR01MG 124473-R

    CR02MG 124517-R  CR03MG 124535-R  DE01MG 125672-R  DE02MG 125730-R

    DE04MG 125744-R  DE08MG 126003-R  DE09MG 126023-R  DF01MG 124473-R

    DI05MG 126050-R  DI06MG 126102-R  DI07MG 126140-R  DI08MG 126175-R

    DY01MG 127036-R  FI01MG 126655-R  FI02MG 126703-R  FI03MG 126726-R

    FR01MG 126613-R  OP01MG 125363-R  OP02MG 125415-R  OP04MG 125450-R

    OP05MG 125503-R  OP06MG 125537-R  OP07MG 125575-R  OP08MG 125617-R

    RE02MG 126325-R  RE03MG 126362-R  RE04MG 126453-R  RM01MG 126745-R

    RM02MG 127005-R  SP01MG 126523-R  SP02MG 126564-R  UI01MG 124473-R

    UN01MG 126223-R  UN02MG 126255-R  UN03MG 126306-R  UN04MG 124473-R

PIP        CREATED BY  TKB    ON 14-APR-81 AT 13:45	PAGE 1


GLOBAL CROSS REFERENCE                                  CREF         


SYMBOL	VALUE	   REFERENCES...


AGAIN 	107540-R  # PIP       PIPDEL    PIPSBR

APPDBT	000020    # PIP       PIPCPY

A.BFSR	000004    # FCSGBL

A.DFBC	000100    # FCSGBL

A.DFDR	000050    # FCSGBL    PARDI     RWFSR2

A.DPB 	000014      ASSLUN  # FCSGBL    WAITI     XQIOI 

A.EFSR	000006    # FCSGBL

A.FIPR	000012    # FCSGBL    RWFSR2

A.IOST	000044    # FCSGBL    OPFNB     XQIOI 

A.OWUI	000010    # FCSGBL    OPFNB     PARDI     RWFSR2    .GCML 

BLKBIT	002000    # PIP       PIPCPY

BLKCNT	106434-R  # PIP       PIPCPY    PIPDSP

BLKVAL	107460-R  # PIP   

B.BBFS	000010      BDBREC  # FCSGBL

B.BFST	000015    # FCSGBL

B.NXBD	000012    # FCSGBL    OPFNB 

B.VBN 	000004      BDBREC  # FCSGBL

CLOSE 	107544-R    PIPDSP  # PIPSBR

CLOSX 	107540-R  # PIP       PIPCPY    PIPDEF    PIPDEL    PIPDIR    PIPFRE    PIPPRO    PIPREN    PIPSPL    PIPUNL

CLSIN 	107642-R    PIPCPY    PIPDIR  # PIPSBR

CLSOUT	107550-R    PIPCPY  # PIPSBR

CMDTBL	106732-R  # PIP       PIPDSP

CMDTB2	106760-R  # PIP       PIPDSP

CMDWRD	106356-R  # PIP       PIPCPY    PIPDEL    PIPDIR    PIPDSP    PIPREN

CMOLUN	000002    # PIP       PIPDSP    PIPFRE

CNTGBT	000004    # PIP       PIPCPY

CODEV 	105036-R  # PIP       PIPDIR    PIPDSP

COPY  	115314-R  @ PIP     * PIPCPY

COUNIT	105040-R  # PIP       PIPDIR    PIPDSP

CPYCTL	106362-R  # PIP       PIPCPY    PIPDEF    PIPDEL    PIPDIR    PIPDSP    PIPPRO    PIPREN    PIPSBR    PIPSB1    PIPSB1

                    PIPSPL    PIPUNL

CP01MG	124602-R  ^ PIPCPY  # PIPMSG  ^ PIPREN

CP01SZ	000046    ^ PIPCPY  # PIPMSG  ^ PIPREN

CP02MG	124650-R  ^ PIPCPY  # PIPMSG  ^ PIPREN

CP02SZ	000017    ^ PIPCPY  # PIPMSG  ^ PIPREN

CP03MG	124667-R  ^ PIPCPY  # PIPMSG

CP03SZ	000055    ^ PIPCPY  # PIPMSG

CP04MG	124744-R  ^ PIPCPY  # PIPMSG

CP04SZ	000056    ^ PIPCPY  # PIPMSG

CP05MG	125022-R  ^ PIPCPY  # PIPMSG

CP05SZ	000042    ^ PIPCPY  # PIPMSG

CP10MG	125064-R  ^ PIPCPY  # PIPMSG

CP10SZ	000050    ^ PIPCPY  # PIPMSG

CP11MG	125134-R  ^ PIPCPY  # PIPMSG

CP11SZ	000047    ^ PIPCPY  # PIPMSG

CP12MG	125203-R  ^ PIPCPY  # PIPMSG

CP12SZ	000041    ^ PIPCPY  # PIPMSG

CP13MG	125244-R  ^ PIPCPY  ^ PIPFRE  # PIPMSG

CP13SZ	000027    ^ PIPCPY  ^ PIPFRE  # PIPMSG

CP14MG	125273-R  ^ PIPCPY  ^ PIPDIR  # PIPMSG

CP14SZ	000030    ^ PIPCPY  ^ PIPDIR  # PIPMSG

CP15MG	125323-R  ^ PIPCPY  # PIPMSG

PIP        CREATED BY  TKB    ON 14-APR-81 AT 13:45	PAGE 2


GLOBAL CROSS REFERENCE                                  CREF         


SYMBOL	VALUE	   REFERENCES...


CP15SZ	000040    ^ PIPCPY  # PIPMSG

CR01MG	124473-R  ^ PIPFRE  # PIPMSG  ^ PIPSBR

CR01SZ	000024    ^ PIPFRE  # PIPMSG  ^ PIPSBR

CR02MG	124517-R  ^ PIPDSP  # PIPMSG  ^ PIPSBR

CR02SZ	000016    ^ PIPDSP  # PIPMSG  ^ PIPSBR

CR03MG	124535-R  ^ PIPDSP  # PIPMSG

CR03SZ	000045    ^ PIPDSP  # PIPMSG

CSIBLK	106302-R    IOCSI   # PIP       PIPDSP

CSISWT	106776-R    IOCSI   # PIP       PIPDSP

CS.SWF	000040    # IOCSI 

CWLDUI	110144-R    PIPCPY    PIPREN  # PIPSBR

DEFDIR	106374-R  # PIP       PIPDEF

DELBIT	000020    # PIP   

DELETE	115264-R  @ PIP     * PIPDEL

DE01MG	125672-R  ^ PIPDEL  # PIPMSG

DE01SZ	000036    ^ PIPDEL  # PIPMSG

DE02MG	125730-R  ^ PIPDEL  # PIPMSG

DE02SZ	000014    ^ PIPDEL  # PIPMSG

DE04MG	125744-R  ^ PIPDEL  # PIPMSG  ^ PIPSBR

DE04SZ	000037    ^ PIPDEL  # PIPMSG  ^ PIPSBR

DE08MG	126003-R  # PIPMSG  ^ PIPSBR

DE08SZ	000020    # PIPMSG  ^ PIPSBR

DE09MG	126023-R  ^ PIPDEL  # PIPMSG

DE09SZ	000025    ^ PIPDEL  # PIPMSG

DFDRSZ	000011    # PIP       PIPDEF

DFLTBT	000400    # PIP   

DF01MG	124473-R  ^ PIPDEF  # PIPMSG

DF01SZ	000024    ^ PIPDEF  # PIPMSG

DIRLST	115706-R  @ PIP     * PIPDIR

DI05MG	126050-R  # PIPMSG  ^ PIPSBR

DI05SZ	000032    # PIPMSG  ^ PIPSBR

DI06MG	126102-R  ^ PIPCPY  ^ PIPDIR  # PIPMSG

DI06SZ	000036    ^ PIPCPY  ^ PIPDIR  # PIPMSG

DI07MG	126140-R  ^ PIPDIR  # PIPMSG

DI07SZ	000035    ^ PIPDIR  # PIPMSG

DI08MG	126175-R  ^ PIPDEL  ^ PIPDIR  # PIPMSG  ^ PIPPRO  ^ PIPREN

DI08SZ	000026    ^ PIPDEL  ^ PIPDIR  # PIPMSG  ^ PIPPRO  ^ PIPREN

DY01MG	127036-R  ^ PIPCPY  ^ PIPDSP  # PIPMSG  ^ PIPSBR

DY01SZ	000041    ^ PIPCPY  ^ PIPDSP  # PIPMSG  ^ PIPSBR

D.DFDV	000024    # FCSGBL    PARDI     RWFSR2

D.DFID	000016    # FCSGBL    PARDI 

D.DFUN	000026    # FCSGBL    PARDI 

ENTER 	116120-R  @ PIP     * PIPREN

ENTRBT	000004    # PIP       PIPREN

ERRPRT	127404-R  * ERRPRT

EVRYBT	000004    # PIP       PIPDIR    PIPDSP

FA.APD	000100    # FCSGBL    OPFNB 

FA.CRE	000010    # FCSGBL    OPFNB 

FA.EXT	000004    # FCSGBL    OPFNB 

FA.NSP	000100    # FCSGBL    OPFNB 

FA.RD 	000001      CLOSE   # FCSGBL    OPFNB 

FA.SHR	000040    # FCSGBL    OPFNB     PIPFRE

PIP        CREATED BY  TKB    ON 14-APR-81 AT 13:45	PAGE 3


GLOBAL CROSS REFERENCE                                  CREF         


SYMBOL	VALUE	   REFERENCES...


FA.TMP	000020    # FCSGBL    OPFNB     PARSDI    RSTFDB

FA.WRT	000002    # FCSGBL

FCSERR	130230-R  * FCSERR  @ PIPDIR

FC03MG	124454-R    ERRPRT  # FCSERR

FDBIN 	104654-R  # PIP       PIPCPY    PIPDIR    PIPFRE    PIPREN    PIPSBR

FDBOUT	104514-R  # PIP       PIPCPY    PIPDEF    PIPDEL    PIPDIR    PIPPRO    PIPREN    PIPSBR    PIPSPL    PIPUNL

FD.BLK	000010    # FCSGBL    GETSQ     OPFNB     PUTSQ 

FD.CCL	000002    # FCSGBL    PIPDSP    PUTSQ 

FD.CR 	000002    # FCSGBL    OPFNB     PUTSQ 

FD.DIR	000010      DELETE    DIRECT  # FCSGBL    PARSDI    PIPDEL    PIPDIR    PIPPRO    PIPSB1    PIPSB1

FD.FTN	000001    # FCSGBL    OPFNB     PUTSQ 

FD.INS	000010    # FCSGBL    OPFNB     PUTSQ 

FD.PLC	000004    # FCSGBL    GETSQ     OPFNB     PIPDIR    RETADR

FD.RAH	000001    # FCSGBL

FD.RAN	000002    # FCSGBL    OPFNB     PGCS      PUTSQ 

FD.REC	000001      BDBREC    CLOSE     CREATE    EXTEND  # FCSGBL    GETSQ     OPFNB     PIPDSP    PIPSBR    PNTMRK    PUTSQ 

                    RDWAIT    RDWRIT    RETADR

FD.RWM	000001      CLOSE   # FCSGBL    OPFNB     PGCS      PIPFRE    RDWRIT    RSTFDB

FD.SDI	000020    # FCSGBL    PARSDI    PIPDIR

FD.SQD	000040      CLOSE   # FCSGBL    OPFNB     PIPDIR

FD.TTY	000004    # FCSGBL    PIPDIR    PIPDSP    .GCML 

FD.WBH	000002    # FCSGBL

FIDBIT	001000    # PIP       PIPDSP

FIDVAL	107434-R  # PIP   

FILID 	106636-R  # IOCSI     PIP   

FINDFL	110412-R    PIPDEL  # PIPSBR

FI01MG	126655-R  # PIPMSG  ^ PIPSBR

FI01SZ	000026    # PIPMSG  ^ PIPSBR

FI02MG	126703-R  # PIPMSG  ^ PIPSBR

FI02SZ	000023    # PIPMSG  ^ PIPSBR

FI03MG	126726-R  ^ PIPDIR  # PIPMSG  ^ PIPSBR

FI03SZ	000017    ^ PIPDIR  # PIPMSG  ^ PIPSBR

FNAEFN	000001    # PIP       PIPDIR    PIPFRE

FNASTS	105032-R  # PIP       PIPDIR

FNDERR	110774-R    PIPCPY    PIPDEL    PIPDIR    PIPPRO    PIPREN  # PIPSBR    PIPSPL    PIPUNL

FNDNXT	110352-R    PIPCPY    PIPDEL    PIPPRO    PIPREN  # PIPSBR    PIPSPL    PIPUNL

FOWNBT	040000    # PIP       PIPSB1    PIPSB1

FO.APD	000106    # FCSGBL

FO.MFY	000002    # FCSGBL

FO.RD 	000001    # FCSGBL    PIPFRE    .GCML 

FO.UPD	000006    # FCSGBL

FO.WRT	000016    # FCSGBL    PIPDIR

FREEBT	000100    # PIP   

FRSTIM	100000    # PIP       PIPCPY    PIPDEL    PIPDIR    PIPPRO    PIPREN    PIPSBR    PIPSPL    PIPUNL

FR01MG	126613-R  ^ PIPFRE  # PIPMSG

FR01SZ	000042    ^ PIPFRE  # PIPMSG

FSTOUT	107734-R    PIPDEL    PIPPRO  # PIPSBR    PIPSPL    PIPUNL

FULVAL	107452-R  # PIP   

F.ALOC	000040      CKALOC  # FCSGBL

F.BBFS	000062      ASSLUN    BDBREC    BKRG    # FCSGBL    OPFNB     PUTSQ     RSTFDB

F.BDB 	000070      BKRG      CLOSE     DELETE  # FCSGBL    GETSQ     OPFNB     PARSE     PGCS      PIPDIR    PIPSBR    RDWAIT

                    RDWRIT    RSTFDB    WTWAIT    XQIOI     .GCML 

PIP        CREATED BY  TKB    ON 14-APR-81 AT 13:45	PAGE 4


GLOBAL CROSS REFERENCE                                  CREF         


SYMBOL	VALUE	   REFERENCES...


F.BGBC	000057    # FCSGBL

F.BKDN	000026    # FCSGBL    RDWRIT

F.BKDS	000020    # FCSGBL    PIPFRE    RDWRIT

F.BKEF	000050    # FCSGBL

F.BKP1	000051      CLOSE     EOFCHK  # FCSGBL    GETSQ     OPFNB     POINT     PUTSQ     WTWAIT

F.BKST	000024    # FCSGBL    RDWRIT    WAITU 

F.BKVB	000064    # FCSGBL    RDWRIT

F.CNTG	000034      CREATE  # FCSGBL    RSTFDB

F.DFNB	000046    # FCSGBL    PARSE     PIPDIR    PIPFRE    PIPSBR    PRSFND    .GCML 

F.DSPT	000044    # FCSGBL    PARSE     PIPDEL    PIPDIR    PIPFRE    PIPSBR    PIPSB1    PIPSB1    PRSFND    .GCML 

F.DVNM	000134    # FCSGBL    PIPDIR    PIPFRE

F.EFBK	000010      CKALOC    EOFCHK  # FCSGBL    OPFNB     PIPDIR    PIPFRE    PUTSQ 

F.EFN 	000050    # FCSGBL    WAITI     XQIOI 

F.EOBB	000032      BDBREC    EOFCHK  # FCSGBL    GETSQ     PNTMRK    POINT     PUTSQ     RETADR    WATSET

F.ERR 	000052      ASSLUN    CKALOC    CLOSE     COMMON    DEL       DELETE    DIRFND    EOFCHK    EXTEND  # FCSGBL    GETSQ 

                    MOVREC    OPFNB     PARSDI    PARSDV    PARSE     PARSFN    PGCS      PIPDEL    PIPDIR    PIPSBR    PNTMRK

                    POINT     PRSFND    PUTSQ     RDWRIT    UDIREC    WAITI     WTWAIT    XQIOI     XQIOU     .GCML 

F.FACC	000043      CLOSE   # FCSGBL    OPFNB     PARSDI    PIPDIR    PIPFRE    RSTFDB    .GCML 

F.FFBY	000014      EOFCHK  # FCSGBL    OPFNB     PIPDIR    PIPFRE    PUTSQ 

F.FNAM	000110      CREATE  # FCSGBL

F.FNB 	000102      CKALOC    DELETE    EXTEND  # FCSGBL    OPFNB     PARSE     PIPDEL    PIPDIR    PIPSBR    PIPSB1    PIPSB1

                    RSTFDB    .GCML 

F.FTYP	000116    # FCSGBL

F.FVER	000120      CLOSE   # FCSGBL    OPFNB     PIPDIR

F.HIBK	000004      CKALOC    CREATE  # FCSGBL    OPFNB     PIPFRE

F.LUN 	000042      ASSLUN  # FCSGBL    XQIOI 

F.MBCT	000054    # FCSGBL    PIPDIR    PIPSBR

F.MBC1	000055    # FCSGBL

F.MBFG	000056    # FCSGBL

F.NRBD	000024    # FCSGBL    GETSQ     MOVREC    OPFNB     PIPDIR    PUTSQ     RETADR    RSTFDB    .GCML 

F.NREC	000030      BDBREC    CLOSE     EOFCHK  # FCSGBL    GETSQ     OPFNB     PNTMRK    POINT     PUTSQ     RETADR    WATSET

F.OVBS	000030    # FCSGBL    OPFNB     PIPDIR    RSTFDB

F.RACC	000016      CLOSE   # FCSGBL    GETSQ     OPFNB     PGCS      PIPDIR    PIPFRE    PUTSQ     RDWRIT    RETADR    RSTFDB

F.RATT	000001    # FCSGBL    GETSQ     OPFNB     PIPDIR    PUTSQ 

F.RCNM	000034    # FCSGBL    GETSQ     OPFNB     PUTSQ 

F.RCTL	000017      ASSLUN    BDBREC    CLOSE     CREATE    DELETE    DIRECT    EXTEND  # FCSGBL    GETSQ     OPFNB     PARSDI

                    PIPDEL    PIPDIR    PIPDSP    PIPSBR    PIPSB1    PIPSB1    PNTMRK    PUTSQ     RDWAIT    RDWRIT    RETADR

                    .GCML 

F.RSIZ	000002    # FCSGBL    GETSQ     OPFNB     PUTSQ     RETADR

F.RTYP	000000      CLOSE   # FCSGBL    GETSQ     OPFNB     PIPDIR    PUTSQ     RETADR

F.STBK	000036    # FCSGBL    OPFNB     PIPFRE    RSTFDB

F.UNIT	000136    # FCSGBL    PIPDIR    PIPFRE

F.URBD	000020    # FCSGBL    GETSQ     MOVREC    OPFNB     PIPDIR    RETADR    .GCML 

F.VBN 	000064      BDBREC    EOFCHK  # FCSGBL    OPFNB     PNTMRK    POINT     PUTSQ     RDWAIT    RDWRIT    RWBLK     WTWAIT

F.VBSZ	000060      ASSLUN    BDBREC    EOFCHK  # FCSGBL    OPFNB     PNTMRK    POINT     PUTSQ     RDWRIT

GCMLCB	005614-R    ERRTRP    GETCML  # PIP       PIPDSP

GCMLER	121370-R  * GETCML

GETCML	121306-R  * GETCML    PIPDSP

GROPRO	106412-R  # PIP   

GRPROB	000040    # PIP       PIPDSP

GRVAL 	107376-R  # PIP   

HA.CHU	000403    # PIP       PIPUNL

PIP        CREATED BY  TKB    ON 14-APR-81 AT 13:45	PAGE 5


GLOBAL CROSS REFERENCE                                  CREF         


SYMBOL	VALUE	   REFERENCES...


HA.FP 	001002    # PIP       PIPPRO

HA.UI 	001001    # PIP       PIPCPY    PIPPRO

HDFILL	121450-R  * HDRMG     PIPDIR

HDRMG 	120414-R  * HDRMG     PIPDIR

HDRTB1	115672-R  # HDRMG     PIPDIR

HD.SUM	000776    # HDRSYM

HF.DEL	000010      HDRMG   # HDRSYM    PIPPRO

HF.EXT	000004      HDRMG   # HDRSYM    PIPPRO

HF.RAT	000001    # HDRSYM

HF.RDV	000001      HDRMG   # HDRSYM    PIPPRO

HF.WRV	000002      HDRMG   # HDRSYM    PIPPRO

HH.CH 	000014    # HDRSYM

HH.CHS	000015    # HDRSYM

HH.CHU	000014      HDRMG   # HDRSYM    PIPUNL

HH.FNU	000002      HDRMG   # HDRSYM

HH.FP 	000012      HDRMG   # HDRSYM    PIPPRO

HH.FSQ	000004      HDRMG   # HDRSYM

HH.GC 	000011      HDRMG   # HDRSYM

HH.IDO	000000      HDRMG   # HDRSYM

HH.LEV	000006    # HDRSYM

HH.MAP	000001    # HDRSYM

HH.PC 	000010      HDRMG   # HDRSYM

HH.UAL	000040    # HDRSYM

HH.UAT	000016      HDRMG   # HDRSYM    PIPDIR

HH.UI 	000010    # HDRSYM

HI.CDT	000031      HDRMG   # HDRSYM

HI.CTM	000040    # HDRSYM

HI.DAT	000007    # HDRSYM

HI.EXP	000046      HDRMG   # HDRSYM

HI.NAM	000000      HDRMG   # HDRSYM

HI.NA2	000002    # HDRSYM

HI.NA3	000004    # HDRSYM

HI.RDT	000014      HDRMG   # HDRSYM

HI.REV	000012      HDRMG   # HDRSYM

HI.RTM	000023    # HDRSYM

HI.TIM	000006    # HDRSYM

HI.TYP	000006    # HDRSYM

HI.VER	000010    # HDRSYM

HM.BN 	000007    # HDRSYM

HM.CN 	000006    # HDRSYM

HM.EFN	000002    # HDRSYM

HM.ESN	000004    # HDRSYM

HM.ESQ	000000    # HDRSYM

HM.MAX	000011    # HDRSYM

HM.PNT	000012    # HDRSYM

HM.RVN	000001    # HDRSYM

HM.USE	000010    # HDRSYM

HS.BAD	000100    # HDRSYM

HS.CON	000200      HDRMG   # HDRSYM

HS.MDL	000200    # HDRSYM

HS.PHL	000100      HDRMG   # HDRSYM    PIPUNL

HS.TMP	000040    # HDRSYM

PIP        CREATED BY  TKB    ON 14-APR-81 AT 13:45	PAGE 6


GLOBAL CROSS REFERENCE                                  CREF         


SYMBOL	VALUE	   REFERENCES...


IDBIT 	000200    # PIP   

IDNTMG	106644-R  # PIP       PIPDSP

IDNTSZ	000021    # PIP       PIPDSP

IE.ABO	177761    # QIOSYM

IE.ACT	177771    # QIOSYM

IE.ADP	177636    # QIOSYM

IE.ALN	177736    # QIOSYM

IE.AST	177660    # QIOSYM

IE.BAD	177777    # QIOSYM

IE.BBE	177710    # QIOSYM

IE.BDI	177714      DIRFND  # QIOSYM

IE.BDR	177716    # QIOSYM

IE.BDV	177711      PARSDV  # QIOSYM

IE.BHD	177700    # QIOSYM

IE.BLK	177754    # QIOSYM

IE.BNM	177712      PARSFN  # QIOSYM

IE.BTF	177675    # QIOSYM

IE.BTP	177725      OPFNB   # QIOSYM

IE.BVR	177701    # QIOSYM

IE.BYT	177755    # QIOSYM

IE.CKP	177766    # QIOSYM

IE.CKS	177742    # QIOSYM

IE.CLO	177732    # QIOSYM

IE.CON	177752    # QIOSYM

IE.DAA	177770    # QIOSYM

IE.DAO	177763      PUTSQ   # QIOSYM

IE.DFU	177750    # QIOSYM

IE.DNA	177771    # QIOSYM

IE.DNR	177775    # QIOSYM

IE.DUN	177767    # QIOSYM

IE.DUP	177707      OPFNB   # QIOSYM

IE.EBX	177776    # QIOSYM

IE.EOF	177766      EOFCHK    GETSQ     OPFNB   # QIOSYM    .GCML 

IE.EOT	177702    # QIOSYM

IE.EOV	177765    # QIOSYM

IE.EXP	177676    # QIOSYM

IE.FEX	177717    # QIOSYM

IE.FHE	177705    # QIOSYM

IE.FOP	177713      OPFNB   # QIOSYM

IE.HFU	177744    # QIOSYM

IE.HWR	177772    # QIOSYM

IE.IDU	177644    # QIOSYM

IE.IEF	177637    # QIOSYM

IE.IFC	177776    # QIOSYM

IE.IFU	177747    # QIOSYM

IE.ILL	177726      PGCS    # QIOSYM    RDWRIT

IE.ILU	177640    # QIOSYM

IE.INS	177776    # QIOSYM

IE.IPR	177641    # QIOSYM

IE.ISQ	177703      PGCS    # QIOSYM

IE.ITI	177643    # QIOSYM

IE.ITS	177770    # QIOSYM

PIP        CREATED BY  TKB    ON 14-APR-81 AT 13:45	PAGE 7


GLOBAL CROSS REFERENCE                                  CREF         


SYMBOL	VALUE	   REFERENCES...


IE.LCK	177745    # QIOSYM

IE.LNL	177646    # QIOSYM

IE.MBK	177721    # QIOSYM    RDWRIT

IE.MOD	177753    # QIOSYM

IE.NBF	177731      OPFNB   # QIOSYM

IE.NBK	177727      CKALOC  # QIOSYM

IE.NFI	177704    # QIOSYM

IE.NLN	177733    # QIOSYM

IE.NNC	177674    # QIOSYM

IE.NOD	177751    # QIOSYM

IE.NSF	177746      PIPDEL    PIPSBR  # QIOSYM

IE.OFL	177677    # QIOSYM

IE.ONP	177773    # QIOSYM

IE.OVR	177756    # QIOSYM

IE.PRI	177760      PIPDEL    PIPSBR  # QIOSYM

IE.RAC	177724      OPFNB   # QIOSYM

IE.RAT	177723      OPFNB   # QIOSYM

IE.RBG	177730      GETSQ     MOVREC    OPFNB     PUTSQ   # QIOSYM

IE.RCN	177722    # QIOSYM

IE.RER	177740    # QIOSYM

IE.RNM	177715    # QIOSYM

IE.RSU	177757    # QIOSYM

IE.SDP	177635    # QIOSYM

IE.SNC	177735    # QIOSYM

IE.SPC	177772    # QIOSYM

IE.SQC	177734    # QIOSYM

IE.SRE	177762    # QIOSYM

IE.STK	177706    # QIOSYM

IE.ULN	177773    # QIOSYM

IE.UPN	177777      PIPCPY  # QIOSYM    WATNOD

IE.VER	177774    # QIOSYM

IE.WAC	177743    # QIOSYM

IE.WAT	177741    # QIOSYM

IE.WER	177737      PIPDEL  # QIOSYM

IE.WLK	177764    # QIOSYM

IE.2DV	177720    # QIOSYM

IFNPT 	105262-R  # PIP       PIPCPY    PIPDIR    PIPDSP    PIPREN    PIPSBR

ILCLSW	004000    # PIP       PIPDSP

INCSI 	113016-R  # IOCSI     PIPDIR    PIPDSP    PIPSBR

INIPRO	107714-R    PIPDSP    PIPPRO  # PIPSBR

INLUN 	000003    # PIP       PIPDIR

INRACC	106370-R  # PIP       PIPCPY    PIPDIR

INSPEC	105276-R  # PIP       PIPCPY    PIPDEF    PIPDIR    PIPFRE    PIPREN    PIPSBR

IOSTBK	105026-R  # PIP       PIPCPY    PIPDIR

IO.ACE	007400      OPFNB   # QIOSYM

IO.ACR	006400      OPFNB   # QIOSYM

IO.ACW	007000      OPFNB   # QIOSYM

IO.ADS	014000    # QIOSYM

IO.APC	014000    # QIOSYM

IO.APV	014010    # QIOSYM

IO.ATT	001400      PIPSBR  # QIOSYM    .GCML 

IO.CCI	014000    # QIOSYM

PIP        CREATED BY  TKB    ON 14-APR-81 AT 13:45	PAGE 8


GLOBAL CROSS REFERENCE                                  CREF         


SYMBOL	VALUE	   REFERENCES...


IO.CCT	002460    # QIOSYM

IO.CLN	003400    # QIOSYM

IO.CON	015400    # QIOSYM

IO.CRC	001020    # QIOSYM

IO.CRE	012000      CREATE  # QIOSYM

IO.CTI	015400    # QIOSYM

IO.CTL	016400    # QIOSYM

IO.DAC	010000      CLOSE     OPFNB   # QIOSYM

IO.DCI	014400    # QIOSYM

IO.DCT	002470    # QIOSYM

IO.DEL	012400      MKDL      PIPDEL  # QIOSYM

IO.DET	002000      PIPSBR  # QIOSYM    .GCML 

IO.DIS	016000    # QIOSYM

IO.DTI	016000    # QIOSYM

IO.ENA	006000      DIRECT  # QIOSYM

IO.EOF	003000    # QIOSYM

IO.ESA	002500    # QIOSYM

IO.EXT	011400      CKALOC  # QIOSYM

IO.FDX	003020    # QIOSYM

IO.FNA	004400      DIRECT    PIPDIR  # QIOSYM

IO.HDX	003010    # QIOSYM

IO.HIS	015000    # QIOSYM

IO.INL	002400    # QIOSYM

IO.ITI	017000    # QIOSYM

IO.KIL	000012    # QIOSYM

IO.LED	012000    # QIOSYM

IO.LOV	001010    # QIOSYM

IO.LTK	000050    # QIOSYM

IO.MCS	013400    # QIOSYM

IO.MDA	016000    # QIOSYM

IO.MDI	014400    # QIOSYM

IO.MDO	015400    # QIOSYM

IO.MLO	006000    # QIOSYM

IO.MOD	003000    # QIOSYM

IO.MSO	005000    # QIOSYM

IO.RAL	001010    # QIOSYM

IO.RAT	013000      PIPDIR    PIPSB1    PIPSB1  # QIOSYM

IO.RBC	003000    # QIOSYM

IO.RCI	015000    # QIOSYM

IO.RCV	015000    # QIOSYM

IO.RDB	001200    # QIOSYM

IO.RDN	000022    # QIOSYM

IO.REL	013400    # QIOSYM

IO.RHD	001010    # QIOSYM

IO.RLB	001000    # QIOSYM

IO.RLV	001100    # QIOSYM

IO.RNA	005400      DIRECT  # QIOSYM

IO.RNC	001004    # QIOSYM

IO.RNE	001020    # QIOSYM

IO.RTC	003400    # QIOSYM

IO.RTI	016400    # QIOSYM

IO.RTK	000060    # QIOSYM

PIP        CREATED BY  TKB    ON 14-APR-81 AT 13:45	PAGE 9


GLOBAL CROSS REFERENCE                                  CREF         


SYMBOL	VALUE	   REFERENCES...


IO.RVB	010400      PIPCPY  # QIOSYM    READ      RWBLK 

IO.RWD	002400    # QIOSYM

IO.RWU	002540    # QIOSYM

IO.R1C	002400    # QIOSYM

IO.SAO	004000    # QIOSYM

IO.SCS	013000    # QIOSYM

IO.SDI	013000    # QIOSYM

IO.SDO	012400    # QIOSYM

IO.SEC	002520    # QIOSYM

IO.SEM	002440    # QIOSYM

IO.SHT	002410    # QIOSYM

IO.SLO	005400    # QIOSYM

IO.SMO	002560    # QIOSYM

IO.SNM	002450    # QIOSYM

IO.SPB	002420    # QIOSYM

IO.SPF	002440    # QIOSYM

IO.SSO	004400    # QIOSYM

IO.SST	002430    # QIOSYM

IO.STC	002500    # QIOSYM

IO.STP	016400    # QIOSYM

IO.SYN	003040    # QIOSYM

IO.TRM	002410    # QIOSYM

IO.UNL	000042    # QIOSYM

IO.WAT	013400      PIPSB1    PIPSB1  # QIOSYM

IO.WLB	000400    # QIOSYM

IO.WLS	000410    # QIOSYM

IO.WLV	000500    # QIOSYM

IO.WVB	011000      PIPCPY    PIPFRE  # QIOSYM    RWBLK     .GCML 

IO.XMT	014400    # QIOSYM

IO.XNA	014410    # QIOSYM

IQ.Q  	000002    # QIOSYM

IQ.X  	000001    # QIOSYM

IS.BV 	000005    # QIOSYM

IS.CLR	000000    # QIOSYM

IS.CR 	006401    # QIOSYM

IS.ESC	015401    # QIOSYM

IS.PND	000000    # QIOSYM

IS.RDD	000002    # QIOSYM

IS.SET	000002    # QIOSYM

IS.SUC	000001    # QIOSYM

IWUIC 	105306-R  # PIP   

LINBFS	000220    # PIP       PIPDIR

LINBUF	105042-R  # PIP       PIPDIR    PIPDSP    PIPFRE

LPTLEN	106432-R  # PIP       PIPDIR

LSTBIT	000001    # PIP       PIPDSP

MERGBT	000010    # PIP       PIPCPY    PIPDSP

MFDBIT	000010    # PIP       PIPDEF

MOIDMG	006665-R    ERRPRT  # PIP   

MOIDSZ	000007      ERRPRT  # PIP   

MVSTRG	100610-R  # MVSTRG    PIPDEF    PIPDIR

NAMBLK	105520-R  # PIP       PIPCPY    PIPDIR    PIPREN    PIPSBR

NB.DEV	000200    # FCSGBL    PARSDV

PIP        CREATED BY  TKB    ON 14-APR-81 AT 13:45	PAGE 10


GLOBAL CROSS REFERENCE                                  CREF         


SYMBOL	VALUE	   REFERENCES...


NB.DIR	000100    # FCSGBL    PARSDI

NB.NAM	000004    # FCSGBL    PARSFN

NB.SDI	001400    # PIP       PIPCPY    PIPDIR    PIPREN    PIPSBR

NB.SD1	000400    # FCSGBL

NB.SD2	001000    # FCSGBL

NB.SFL	001470    # PIP       PIPCPY    PIPDEL    PIPSBR

NB.SFN	000070    # PIP       PIPCPY    PIPDIR    PIPREN    PIPSBR

NB.SNM	000040    # FCSGBL    PARSFN    PIPDIR

NB.STP	000020    # FCSGBL    PARSFN    PIPDIR

NB.SVR	000010    # FCSGBL    PARSFN    PIPDEL

NB.TYP	000002    # FCSGBL    PARSFN

NB.VER	000001    # FCSGBL    PARSFN    PIPDEL

NMBLK1	105556-R  # PIP       PIPCPY    PIPDEF    PIPDIR

NTCNTG	004000    # PIP       PIPCPY    PIPDSP

NVERBT	010000    # PIP       PIPCPY    PIPREN

NXINOU	110042-R    PIPDIR  # PIPSBR

NXTFIL	110434-R    PIPCPY    PIPDEL    PIPPRO    PIPREN  # PIPSBR    PIPSPL    PIPUNL

NXTIN 	110020-R    PIPCPY    PIPREN  # PIPSBR

NXTIN1	110034-R  # PIPSBR

NXTOUT	110002-R    PIPDEL    PIPPRO  # PIPSBR    PIPSPL    PIPUNL

N.ALER	000010      AUTO    # OVRES 

N.DEVD	000000    # FCSGBL

N.DID 	000024      DIFND     DIRFND  # FCSGBL    PARDI     PARSDI    PIPDIR    PIPSBR

N.DIRD	000004    # FCSGBL

N.DVNM	000032      ASSLUN  # FCSGBL    PARDI     PARSDI    PARSDV    PIPDIR    PIPSBR

N.FID 	000000      CREATE    DIFND     DIRECT  # FCSGBL    OPFNB     PIPSBR

N.FNAM	000006      DIFND     DIRFND  # FCSGBL    PARSFN    PIPDIR    PIPSBR

N.FNMD	000010    # FCSGBL

N.FTYP	000014      DIFND   # FCSGBL    PARSFN

N.FVER	000016      DIFND   # FCSGBL    PARSFN    PIPDEL    PIPDIR    PIPSBR

N.IOST	000004      OVCTL   # OVRES 

N.NEXT	000022      DIFND   # FCSGBL    PIPDEL    PIPSBR

N.OVLY	000000      OVCTL   # OVRES 

N.OVPT	000054      AUTO      OVCTL 

N.STAT	000020    # FCSGBL    PARSDI    PARSDV    PARSFN    PIPDEL    PIPDIR    PIPSBR

N.STBL	000002    # OVRES 

N.UNIT	000034      ASSLUN  # FCSGBL    PARDI     PARSDI    PARSDV    PIPDIR    PIPSBR

OFNPT 	105362-R  # PIP       PIPCPY    PIPDEF    PIPDIR    PIPDSP    PIPFRE    PIPREN    PIPSBR

OP01MG	125363-R  ^ PIPCPY  # PIPMSG  ^ PIPSPL

OP01SZ	000032    ^ PIPCPY  # PIPMSG  ^ PIPSPL

OP02MG	125415-R  ^ PIPCPY  ^ PIPDIR  # PIPMSG

OP02SZ	000033    ^ PIPCPY  ^ PIPDIR  # PIPMSG

OP04MG	125450-R  # PIPMSG  ^ PIPSBR

OP04SZ	000033    # PIPMSG  ^ PIPSBR

OP05MG	125503-R  # PIPMSG  ^ PIPSBR

OP05SZ	000034    # PIPMSG  ^ PIPSBR

OP06MG	125537-R  # PIPMSG  ^ PIPSBR

OP06SZ	000036    # PIPMSG  ^ PIPSBR

OP07MG	125575-R  # PIPMSG  ^ PIPSBR

OP07SZ	000022    # PIPMSG  ^ PIPSBR

OP08MG	125617-R  ^ PIPCPY  # PIPMSG

OP08SZ	000053    ^ PIPCPY  # PIPMSG

PIP        CREATED BY  TKB    ON 14-APR-81 AT 13:45	PAGE 11


GLOBAL CROSS REFERENCE                                  CREF         


SYMBOL	VALUE	   REFERENCES...


OURACC	106372-R  # PIP       PIPCPY    PIPDIR

OUSPEC	105376-R  # PIP       PIPCPY    PIPDEF    PIPDIR    PIPFRE    PIPREN

OUTCSI	113010-R  # IOCSI     PIPDIR    PIPDSP    PIPSBR

OUTLUN	000004    # PIP   

OWNPRO	106416-R  # PIP   

OWPROB	000100    # PIP       PIPDSP

OWUIC 	105406-R  # PIP       PIPCPY

OWVAL 	107404-R  # PIP   

O$VEF 	000037    # OVCTL 

PARSE 	110306-R    PIPCPY    PIPDEL    PIPDIR    PIPPRO    PIPREN  # PIPSBR    PIPSPL    PIPUNL

PIPID 	121300-R  @ PIP     * PIPDSP

PROTBT	002000    # PIP       PIPDSP

PROTCT	117176-R  @ PIP     * PIPPRO

PROWRD	106426-R  # PIP       PIPDSP    PIPPRO    PIPSBR

PRSERR	110724-R    PIPCPY    PIPDEF    PIPDEL    PIPDIR    PIPFRE    PIPPRO    PIPREN  # PIPSBR    PIPSPL    PIPUNL

PRSREG	110674-R    PIPCPY    PIPDIR    PIPFRE  # PIPSBR

PRVAL 	107420-R  # PIP   

PURGBT	000040    # PIP       PIPDEL

PURGCT	106430-R  # PIP       PIPDEL    PIPDSP

PURGVL	107426-R  # PIP   

QI.VER	000300    # QIOSYM

RATCTL	106464-R  # PIP       PIPDIR    PIPSB1    PIPSB1

RATEFN	000002    # PIP       PIPDIR

RDATT 	120336-R    PIPPRO  * PIPSB1  * PIPSB1    PIPUNL

RECATT	107664-R    PIPCPY    PIPDIR  # PIPSBR

REMOVE	115264-R  @ PIP     * PIPDEL

RENAME	116120-R  @ PIP     * PIPREN

RE02MG	126325-R  # PIPMSG  ^ PIPREN

RE02SZ	000035    # PIPMSG  ^ PIPREN

RE03MG	126362-R  # PIPMSG  ^ PIPREN

RE03SZ	000071    # PIPMSG  ^ PIPREN

RE04MG	126453-R  # PIPMSG  ^ PIPREN

RE04SZ	000050    # PIPMSG  ^ PIPREN

RMVBIT	000100    # PIP       PIPDEL

RMVERR	111054-R    PIPDEL    PIPREN  # PIPSBR

RMVNXT	110472-R    PIPDEL    PIPREN  # PIPSBR

RM01MG	126745-R  # PIPMSG  ^ PIPSBR

RM01SZ	000040    # PIPMSG  ^ PIPSBR

RM02MG	127005-R  # PIPMSG  ^ PIPSBR

RM02SZ	000031    # PIPMSG  ^ PIPSBR

RNMBIT	000002    # PIP   

RWEFN 	000003    # PIP       PIPCPY

R.FIX 	000001      CLOSE   # FCSGBL    GETSQ     OPFNB     PUTSQ     RETADR

R.VAR 	000002    # FCSGBL    GETSQ     OPFNB     PIPDIR    PUTSQ     RETADR

SAVSP 	106364-R  # PIP       PIPDSP

SHTLST	000002    # PIP       PIPDIR    PIPDSP

SPLBIT	000001    # PIP   

SPOOL 	120100-R  @ PIP     * PIPSPL

SPSDBT	020000    # PIP       PIPCPY

SP01MG	126523-R  # PIPMSG  ^ PIPSPL

SP01SZ	000041    # PIPMSG  ^ PIPSPL

SP02MG	126564-R  # PIPMSG

PIP        CREATED BY  TKB    ON 14-APR-81 AT 13:45	PAGE 12


GLOBAL CROSS REFERENCE                                  CREF         


SYMBOL	VALUE	   REFERENCES...


SP02SZ	000027    # PIPMSG

SSTTAB	107466-R  # PIP   

START 	107534-R  # PIP   

STBLK 	105014-R  # PIP       PIPCPY    PIPDIR    PIPFRE

STNBK1	110220-R    PIPCPY    PIPREN  # PIPSBR

STNMBK	110202-R    PIPCPY    PIPDIR    PIPREN  # PIPSBR

SYDEV 	054523    # PIP       PIPDIR

SYDFLT	105462-R  # PIP       PIPDIR    PIPREN

SYPROB	000200    # PIP       PIPDSP

SYSPRO	106422-R  # PIP   

SYUNIT	000000    # PIP       PIPDIR

SYVAL 	107412-R  # PIP   

S.BFHD	000020      BDBREC    BKRG    # FCSGBL    OPFNB     PIPDSP    RSTFDB    WATSET

S.FATT	000016      CLOSE     CREATE  # FCSGBL    OPFNB 

S.FDB 	000140    # FCSGBL

S.FIDS	000014    # FCSGBL

S.FNAM	000006    # FCSGBL

S.FNB 	000036    # FCSGBL

S.FNBW	000017    # FCSGBL    PARSDV    PIPDIR    PIPSBR

S.FNTY	000004    # FCSGBL    PIPSBR

S.FSR2	000102    # FCSGBL

S.FTYP	000002    # FCSGBL

S.NFEN	000020    # FCSGBL

S.STBK	000012    # PIP   

S.WUIC	000054    # PIP   

TAB   	000011    # PIP   

TDRDEL	112640-R    PIPDSP    PRSFND  # TMPDIR

TDRENT	112750-R    PRSFND  # TMPDIR

TDRFDB	106476-R    PRSFND  # TMPDIR

TDRINI	112562-R    PRSFND  # TMPDIR

TOTLBT	000010    # PIP       PIPDIR    PIPDSP

UI01MG	124473-R  ^ PIPDEF  # PIPMSG

UI01SZ	000024    ^ PIPDEF  # PIPMSG

UNLKBT	001000    # PIP   

UNLOCK	117646-R  @ PIP     * PIPUNL

UN01MG	126223-R  # PIPMSG  ^ PIPSB1  ^ PIPSB1

UN01SZ	000032    # PIPMSG  ^ PIPSB1  ^ PIPSB1

UN02MG	126255-R  # PIPMSG  ^ PIPPRO  ^ PIPUNL

UN02SZ	000031    # PIPMSG  ^ PIPPRO  ^ PIPUNL

UN03MG	126306-R  # PIPMSG  ^ PIPUNL

UN03SZ	000017    # PIPMSG  ^ PIPUNL

UN04MG	124473-R  # PIPMSG  ^ PIPUNL

UN04SZ	000024    # PIPMSG  ^ PIPUNL

UPDTBT	000040    # PIP       PIPCPY

USEFID	110626-R    PIPDEL  # PIPSBR

VERSAV	106366-R  # PIP       PIPCPY    PIPDIR    PIPPRO    PIPREN    PIPSPL    PIPUNL

WLDVER	110124-R    PIPDEL    PIPREN  # PIPSBR

WOPROB	000020    # PIP       PIPDSP    PIPPRO

WORPRO	106406-R  # PIP       PIPPRO    PIPSBR

WOVAL 	107370-R  # PIP   

WRTATT	120270-R    PIPCPY    PIPPRO  * PIPSB1  * PIPSB1    PIPUNL

$ALERR	113316-R  # ALERR     OVDAT 

PIP        CREATED BY  TKB    ON 14-APR-81 AT 13:45	PAGE 13


GLOBAL CROSS REFERENCE                                  CREF         


SYMBOL	VALUE	   REFERENCES...


$AUTO 	113342-R  # AUTO  

$CAT5 	102004-R  # CAT5      PRSFND

$CBDAT	102176-R  # CBTA      EDDAT 

$CBDMG	002222-R  # CBTA      CDDMG     CDDMG 

$CBDSG	102210-R  # CBTA      EDTMG 

$CBOMG	002252-R  # CBTA      EDTMG     HDRMG     PRSFND

$CBOSG	102240-R  # CBTA      EDTMG 

$CBTMG	102160-R  # CBTA      EDTMG 

$CDDMG	115542-R  * CDDMG   * CDDMG     HDRMG     PIPDIR    PIPFRE

$CDTB 	102334-R  # CATB      EDTMG 

$COTB 	102342-R  # CATB      PRSFND

$C5TA 	102430-R  # C5TA      EDTMG     PRSFND

$DAT  	102604-R  # EDDAT     EDTMG 

$DDIV 	117264-R    CDDMG     CDDMG   * DARITH  * DARITH

$DIV  	103040-R  # ARITH     CBTA      C5TA      EDDAT 

$DMUL 	117226-R  * DARITH  * DARITH

$DSW  	000046      ALERR     ASSLUN    PIPCPY    PIPDIR    PIPDSP    RDWRIT    XQIOI     .GCML 

$EDMSG	001032-R  # EDTMG     ERRPRT    FCSERR    HDRMG     PIPDIR    PIPFRE

$MARKS	113600-R    AUTO    # OVCTL 

$MUL  	103006-R  # ARITH     CATB      CAT5  

$RDSEG	113704-R    AUTO    # OVCTL 

$RLCB 	014054-R    PIPSBR  # RQLCB     RSTFDB

$RQCB 	014156-R    OPFNB     PIPSBR  # RQLCB 

$SAVAL	103076-R    PRSFND  # SAVAL     TMPDIR

$SAVRG	014314-R    AUTO      CATB      CAT5      CBTA      CDDMG     CDDMG     EDDAT     EDTMG     GERRM     HDRMG     RQLCB 

                  # SAVRG 

$TIM  	102662-R  # EDDAT     EDTMG 

.ABORT	007504-R    ERRTRP  # PIP   

.ASCPP	001646-R  # ASCPPN    DIRFND    PIPSB1    PIPSB1

.ASLUN	126144-R  * ASSLUN

.CLOSE	123476-R  * CLOSE     DELETE  @ GETCML  @ PIPSBR  @ PIPSPL  @ .GCML 

.CSI1 	115264-R    PIPDSP  * .CSI1   * .CSI1     .GCML 

.CSI2 	003140-R    IOCSI     PIPDSP  # .CSI2     .GCML 

.DCCVT	014344-R    .CSI1     .CSI1     .CSI2   # .ODCVT

.DEFDV	106442-R  # PIP       PIPDEF    PIPSBR

.DEFUN	106444-R  # PIP       PIPDEF    PIPSBR

.DELET	125540-R  * DELETE  @ PIPDEL

.DFLTN	113202-R  # DFLTNM    PIPSBR

.DYALC	111114-R    PIPCPY    PIPDIR    PIPFRE    PIPPRO  # PIPSBR    PIPUNL

.DYBLK	106452-R  # PIP       PIPCPY    PIPDSP

.DYBUF	106460-R  # PIP       PIPCPY    PIPDIR    PIPDSP    PIPFRE    PIPSBR

.DYBYT	106462-R  # PIP       PIPCPY    PIPDSP    PIPSBR

.DYREL	111174-R    PIPCPY    PIPDSP  # PIPSBR

.DYSIZ	106456-R  # PIP       PIPCPY    PIPDSP

.ENTER	125632-R  @ PIPDEL  @ PIPREN  @ TMPDIR  * UDIREC

.EOEFN	122212-R  # GERRM 

.EOLUN	122210-R  # GERRM 

.EREFN	127116-R  # ERRPRT

.ERLUN	127114-R  # ERRPRT

.ERPRT	127406-R  * ERRPRT    ERRTRP

.ERRBF	122234-R    ERRPRT  # GERRM 

.ERTRP	127214-R  * ERRTRP  @ PIP   

PIP        CREATED BY  TKB    ON 14-APR-81 AT 13:45	PAGE 14


GLOBAL CROSS REFERENCE                                  CREF         


SYMBOL	VALUE	   REFERENCES...


.EXTND	126050-R  * EXTEND  @ PIPCPY

.EXTSZ	106446-R  # PIP       PIPCPY

.FATAL	127472-R  * COMMON    WAITI 

.FCSER	130230-R    ERRPRT  * FCSERR

.FIND 	125672-R  @ PIPSBR  @ PRSFND  * UDIREC

.FINIT	126742-R  * FINIT   @ PIPDSP  @ .GCML 

.FNDNX	111406-R    PIPDIR    PIPSBR  # PRSFND

.FOWNR	106450-R  # PIP       PIPCPY    PIPPRO    PIPSB1    PIPSB1

.FREE 	116302-R  @ PIP     * PIPFRE

.FSRCB	113476-R  # FCSFSR    PIP   

.FSRPT	000050      ASSLUN    CREATE    FCSFSR    FINIT     OPFNB     PARDI     PIPCPY    PIPSBR    RSTFDB    RWFSR2    WAITI 

                    XQIOI     .GCML 

.GCML1	116542-R    GETCML  * .GCML 

.GCML2	117300-R    GETCML  * .GCML 

.GCML3	117706-R  * .GCML 

.GDRNM	130122-R  * ERRPRT

.GERRM	130320-R    ERRPRT    FCSERR  * GERRM 

.GETSQ	123734-R  * GETSQ   @ PIPCPY  @ .GCML 

.GFOWN	120370-R    PIPCPY    PIPPRO  * PIPSB1  * PIPSB1

.HDRAD	106472-R  # PIP       PIPDIR    PIPPRO    PIPUNL

.INIT 	120426-R  @ PIP     * PIPDSP

.LCLSW	106436-R  # PIP       PIPCPY    PIPDIR    PIPDSP    PIPREN    PIPSBR

.MARK 	125764-R  * PNTMRK  @ .GCML 

.MBFCT	013576-R  # FCSFSR    PIPDSP

.MOFMT	121772-R  # ERRPRT

.MOPRM	121724-R  # ERRPRT

.MSGFN	006674-R    ERRTRP  # PIP   

.NALER	104326-R  # OVDAT 

.NIOST	104322-R  # OVDAT 

.NOVLY	104316-R  # OVDAT 

.NOVPT	000042    # OVDAT 

.NSTBL	104320-R  # OVDAT 

.NXDIR	111666-R    PIPDIR    PIPSBR  # PRSFND

.ODCVT	014340-R    ASCPPN    PARSDV    PARSFN    PRSFND    .CSI1     .CSI1     .CSI2   # .ODCVT

.OPFNB	121724-R  * OPFNB   @ PIPCPY  @ PIPDIR  @ PIPFRE  @ PIPSPL  @ .GCML 

.OULCL	106440-R  # PIP       PIPCPY    PIPDIR    PIPDSP    PIPREN

.PARSE	126400-R  * PARSE   @ PIPCPY  @ PIPFRE  @ PIPSBR  @ PRSFND  @ .GCML 

.POINT	125724-R  * PNTMRK  @ .GCML 

.PPASC	004330-R    DIRFND    PARDI   # PPNASC    PRSFND

.PRSDI	131102-R  * PARSDI

.PRSDV	126434-R  * PARSDV  @ PIPDEF  @ PIPSBR  @ TMPDIR

.PRSFN	131550-R  * PARSFN

.PRSUI	112350-R  # PRSFND

.PUTSQ	124456-R  @ PIPCPY  @ PIPDIR  * PUTSQ 

.RDFDR	000624-R    ERRPRT    PIPDIR    PIPSB1    PIPSB1  # RWFSR2

.RDFFP	100700-R  # RWFSR2

.READ 	115670-R    PIPFRE  * READ  

.REMOV	125652-R  @ PIPSBR  * UDIREC

.RFOWN	100730-R  # RWFSR2

.RSTAR	120634-R  @ PIP     * PIPDSP

.SAVR1	014554-R    ASCPPN    ASSLUN    CKALOC    CLOSE     DELETE    DFLTNM    EXTEND    FINIT     GETCML    GETSQ     OPFNB 

                    PARSDI    PARSDV    PARSE     PARSFN    PIPFRE    PIPSBR    PNTMRK    PRSFND    PUTSQ     READ    # SAVR1 

PIP        CREATED BY  TKB    ON 14-APR-81 AT 13:45	PAGE 15


GLOBAL CROSS REFERENCE                                  CREF         


SYMBOL	VALUE	   REFERENCES...


                    UDIREC    WAITU     XQIOU     .CSI1     .CSI1     .CSI2     .GCML     .ODCVT

.SETDF	115264-R  @ PIP     * PIPDEF

.SYNER	130162-R  * ERRPRT  @ PIPDSP

.TOPAD	106454-R  # PIP       PIPDSP

.WAIT 	115722-R    PIPFRE  * WAITU 

.WDFDR	100650-R    PIPDEF  # RWFSR2

.WDFFP	100712-R  # RWFSR2

.WFOWN	100742-R  # RWFSR2

.WLDVC	112154-R    PIPDIR    PIPSBR  # PRSFND

.WPARS	111234-R    PIPSBR  # PRSFND

.XQIO 	126012-R  @ PIPDEL  @ PIPSBR  @ PIPSB1  @ PIPSB1  @ TMPDIR  * XQIOU   @ .GCML 

..ALC1	130320-R  * CKALOC    POINT 

..ALOC	130250-R  * CKALOC    WTWAIT

..ALUN	126150-R  * ASSLUN    OPFNB     PARSDV    PARSE     UDIREC

..BDRC	127474-R  * BDBREC    OPFNB     RDWAIT    WTWAIT

..BKRG	127556-R  * BKRG      CLOSE     RDWAIT    WTWAIT

..CREA	127576-R  * CREATE    OPFNB 

..DEL1	127764-R  * DEL       DELETE    OPFNB 

..DID 	130024-R  * DIFND     DIRFND

..DIRF	126630-R  * DIRFND    PARSDI

..EFCK	127174-R  * EOFCHK    POINT     PUTSQ 

..EFC1	127202-R  * EOFCHK    GETSQ     POINT 

..ENTR	130162-R    DEL     * DIRECT    OPFNB     UDIREC

..EXTD	130350-R  * CKALOC

..EXT1	130424-R  * CKALOC    EXTEND

..FCSX	127460-R    CLOSE   * COMMON    CREATE    DELETE    GETSQ     OPFNB     PUTSQ     WAITI     WATSET    WTWAIT

..FIND	130176-R    DIFND   * DIRECT    EXTEND    OPFNB     UDIREC

..FINI	126752-R  * FINIT     OPFNB 

..IDPB	127144-R    CKALOC    CLOSE     CREATE    DIRECT    MKDL      OPFNB   @ RDWRIT    RWBLK   * XQIOI     XQIOU 

..MKDL	130536-R    DEL     * MKDL      OPFNB 

..MVRC	130616-R  * MOVREC

..MVRU	130554-R    GETSQ   * MOVREC

..MVR1	130622-R    GETSQ   * MOVREC    PUTSQ 

..PARS	126412-R  * PARSE 

..PDI 	131320-R  * PARDI     PARSDI

..PGCS	130670-R    GETSQ   * PGCS      PUTSQ 

..PNT1	130746-R    PNTMRK  * POINT 

..PSDI	131114-R  * PARSDI    PARSE 

..PSDV	126446-R  * PARSDV    PARSE 

..PSFN	131562-R    PARSE   * PARSFN

..QIOW	127350-R    CKALOC    CLOSE     CREATE    DIRECT    MKDL      OPFNB     RWBLK   * WAITI     XQIOU 

..RBLK	132632-R    RDWAIT  * RWBLK 

..RFDB	132320-R    CLOSE     OPFNB   * RSTFDB

..RMOV	130170-R    DEL     * DIRECT    OPFNB     UDIREC

..RTAD	132426-R    OPFNB     PNTMRK    PUTSQ   * RETADR

..RWAC	132560-R    OPFNB     POINT   * RDWAIT

..RWAT	132536-R    GETSQ   * RDWAIT

..RWCK	115744-R  * RDWRIT    READ  

..SEFB	127252-R  * EOFCHK    RDWAIT  @ READ  

..SGR5	132676-R  * ASCR50    DIRFND    PARSFN

..SQER	130734-R    GETSQ   * PGCS      PUTSQ 

..STFN	126340-R    DELETE    EXTEND  * PARSE 

PIP        CREATED BY  TKB    ON 14-APR-81 AT 13:45	PAGE 16


GLOBAL CROSS REFERENCE                                  CREF         


SYMBOL	VALUE	   REFERENCES...


..WAEF	127410-R  * WAITI   @ WAITU 

..WAIT	127370-R  * WAITI   @ WAITU     WATSET    WTWAIT

..WAND	133066-R    RDWAIT  * WATNOD    WTWAIT

..WAST	133110-R    RDWAIT  * WATSET

..WBLK	132640-R  * RWBLK     WTWAIT

..WTRD	116030-R  * RDWRIT    READ  

..WTWA	133146-R    PUTSQ   * WTWAIT

..WTWD	133146-R    POINT   * WTWAIT

..WTW1	133152-R    CLOSE     PUTSQ   * WTWAIT

..XQIO	127046-R    WAITI   * XQIOI 

..XQI1	127064-R  @ RDWRIT  * XQIOI 
