FILE ZAP.TSK;2 MEMORY ALLOCATION MAP

THIS ALLOCATION WAS DONE ON 14-APR-81

AT 14:40 BY TASK BUILDER VERSION       




*** ROOT SEGMENT: ZAPLIB



R/W MEM  LIMITS: 100000 131313 031314

STACK    LIMITS: 100210 101503 001274

DISK BLK LIMITS: 000002 000033 000032

IDENTIFICATION : X04.03

PRG XFR ADDRESS: 102604

TASK ATTRIBUTES: NC         



PROGRAM SECTION ALLOCATION SYNOPSIS:


<. BLK.>: 101504 125631 024126

<$GBL  >: 125632 125635 000004

<$$ALER>: 125636 125661 000024

<$$AUTO>: 125662 126015 000134

<$$FSR1>: 126016 130055 002040

<$$FSR2>: 130056 130157 000102

<$$OVCT>: 130160 130433 000254

<$$OVDT>: 000000 000000 000000

<$$RESL>: 130434 131167 000534

<. ABS.>: 000000 000000 000000



*** FILE: ZAPLIB.OLB;3  TITLE: ZAP     IDENT: X04.03


<. BLK.>: 101504 104075 002372


    ERRPRT 101764-R  OPENLO 101504-R  REALDO 102670-R  SEGMAX 102672-R

    SEGTAB 102676-R  STKLIM 102674-R



*** FILE: ZAPLIB.OLB;3  TITLE: ZIOSRV  IDENT: 000003


<. ABS.>: 000000 000000 000000


    ABSOLU 000001    CMIERR 000012    CSIERR 000010    LSTING 000004  

    OPNERR 000011    RDONLY 000002    SIGXIT 177777    TRNERR 000013  


<. BLK.>: 104076 106745 002650


    BLKBUF 105210-R  BLKNUM 106330-R  BYTSXT 106742-R  CMLADR 104642-R

    CMLBLK 104472-R  CMLLEN 104640-R  COMAND 106342-R  CSIBLK 105104-R

    EOL    106572-R  FCSREA 106424-R  OUTBUF 106210-R  OUTFDB 104274-R

    OUTPTR 106336-R  REWRIT 106506-R  SAVRAT 105172-R  STATBK 105160-R

    SWITCH 106340-R  TRANSL 106650-R  TSKERR 106630-R  TSKFDB 104076-R

    WRITBK 106334-R


<$$FSR1>: 126016 130055 002040




*** FILE: ZAPLIB.OLB;3  TITLE: ZLSTIO  IDENT: 000002


<. BLK.>: 106746 107325 000360


    OUTC   106746-R  OUTN   107250-R  OUTR50 107010-R  OUTSA  106760-R



*** FILE: ZAPLIB.OLB;3  TITLE: BLILIB  IDENT: 000006


<. BLK.>: 107326 107547 000222


    $ENABL 107326-R  $SAV2  107404-R  $SAV3  107426-R  $SAV4  107452-R

    $SAV5  107500-R  $SIGNL 107364-R  $SIGN1 107370-R


<$GBL  >: 125632 125635 000004


    SIGREG 125634-R  SIGVAL 125632-R



*** FILE: SYSLIB.OLB;1  TITLE: AUTO    IDENT: 07    


<$$AUTO>: 125662 126015 000134


    $AUTO  125662-R



*** FILE: SYSLIB.OLB;1  TITLE: OVRES   IDENT: 05    


<$$OVDT>: 000000 000000 000000


    N.ALER 000010    N.IOST 000004    N.OVLY 000000    N.STBL 000002  



*** FILE: SYSLIB.OLB;1  TITLE: OVCTL   IDENT: 08    


<. ABS.>: 000000 000000 000000


    O$VEF  000037  


<$$OVCT>: 130160 130433 000254


    $MARKS 130160-R  $RDSEG 130264-R



*** FILE: SYSLIB.OLB;1  TITLE: SAVRG   IDENT: 03    


<$$RESL>: 130434 130457 000024


    $SAVRG 130434-R



*** FILE: SYSLIB.OLB;1  TITLE: FCSFSR  IDENT: 0302MS


<$$FSR1>: 126016 126016 000000



<$$FSR2>: 130056 130157 000102


    .FSRCB 130056-R  .MBFCT 130156-R



*** FILE: SYSLIB.OLB;1  TITLE: .GCML   IDENT: M13   


<. BLK.>: 107550 111211 001442


    .GCML1 107550-R  .GCML2 110306-R  .GCML3 110714-R



*** FILE: SYSLIB.OLB;1  TITLE: FCSGBL  IDENT: 0722  


<. ABS.>: 000000 000000 000000


    A.BFSR 000004    A.DFBC 000100    A.DFDR 000050    A.DPB  000014  

    A.EFSR 000006    A.FIPR 000012    A.IOST 000044    A.OWUI 000010  

    B.BBFS 000010    B.BFST 000015    B.NXBD 000012    B.VBN  000004  

    D.DFDV 000024    D.DFID 000016    D.DFUN 000026    FA.APD 000100  

    FA.CRE 000010    FA.EXT 000004    FA.NSP 000100    FA.RD  000001  

    FA.SHR 000040    FA.TMP 000020    FA.WRT 000002    FD.BLK 000010  

    FD.CCL 000002    FD.CR  000002    FD.DIR 000010    FD.FTN 000001  

    FD.INS 000010    FD.PLC 000004    FD.RAH 000001    FD.RAN 000002  

    FD.REC 000001    FD.RWM 000001    FD.SDI 000020    FD.SQD 000040  

    FD.TTY 000004    FD.WBH 000002    FO.APD 000106    FO.MFY 000002  

    FO.RD  000001    FO.UPD 000006    FO.WRT 000016    F.ALOC 000040  

    F.BBFS 000062    F.BDB  000070    F.BGBC 000057    F.BKDN 000026  

    F.BKDS 000020    F.BKEF 000050    F.BKP1 000051    F.BKST 000024  

    F.BKVB 000064    F.CNTG 000034    F.DFNB 000046    F.DSPT 000044  

    F.DVNM 000134    F.EFBK 000010    F.EFN  000050    F.EOBB 000032  

    F.ERR  000052    F.FACC 000043    F.FFBY 000014    F.FNAM 000110  

    F.FNB  000102    F.FTYP 000116    F.FVER 000120    F.HIBK 000004  

    F.LUN  000042    F.MBCT 000054    F.MBC1 000055    F.MBFG 000056  

    F.NRBD 000024    F.NREC 000030    F.OVBS 000030    F.RACC 000016  

    F.RATT 000001    F.RCNM 000034    F.RCTL 000017    F.RSIZ 000002  

    F.RTYP 000000    F.STBK 000036    F.UNIT 000136    F.URBD 000020  

    F.VBN  000064    F.VBSZ 000060    NB.DEV 000200    NB.DIR 000100  

    NB.NAM 000004    NB.SD1 000400    NB.SD2 001000    NB.SNM 000040  

    NB.STP 000020    NB.SVR 000010    NB.TYP 000002    NB.VER 000001  

    N.DEVD 000000    N.DID  000024    N.DIRD 000004    N.DVNM 000032  

    N.FID  000000    N.FNAM 000006    N.FNMD 000010    N.FTYP 000014  

    N.FVER 000016    N.NEXT 000022    N.STAT 000020    N.UNIT 000034  

    R.FIX  000001    R.VAR  000002    S.BFHD 000020    S.FATT 000016  

    S.FDB  000140    S.FIDS 000014    S.FNAM 000006    S.FNB  000036  

    S.FNBW 000017    S.FNTY 000004    S.FSR2 000102    S.FTYP 000002  

    S.NFEN 000020  



*** FILE: SYSLIB.OLB;1  TITLE: QIOSYM  IDENT: 0300  


<. ABS.>: 000000 000000 000000


    IE.ABO 177761    IE.ACT 177771    IE.ADP 177636    IE.ALN 177736  

    IE.AST 177660    IE.BAD 177777    IE.BBE 177710    IE.BDI 177714  

    IE.BDR 177716    IE.BDV 177711    IE.BHD 177700    IE.BLK 177754  

    IE.BNM 177712    IE.BTF 177675    IE.BTP 177725    IE.BVR 177701  

    IE.BYT 177755    IE.CKP 177766    IE.CKS 177742    IE.CLO 177732  

    IE.CON 177752    IE.DAA 177770    IE.DAO 177763    IE.DFU 177750  

    IE.DNA 177771    IE.DNR 177775    IE.DUN 177767    IE.DUP 177707  

    IE.EBX 177776    IE.EOF 177766    IE.EOT 177702    IE.EOV 177765  

    IE.EXP 177676    IE.FEX 177717    IE.FHE 177705    IE.FOP 177713  

    IE.HFU 177744    IE.HWR 177772    IE.IDU 177644    IE.IEF 177637  

    IE.IFC 177776    IE.IFU 177747    IE.ILL 177726    IE.ILU 177640  

    IE.INS 177776    IE.IPR 177641    IE.ISQ 177703    IE.ITI 177643  

    IE.ITS 177770    IE.LCK 177745    IE.LNL 177646    IE.MBK 177721  

    IE.MOD 177753    IE.NBF 177731    IE.NBK 177727    IE.NFI 177704  

    IE.NLN 177733    IE.NNC 177674    IE.NOD 177751    IE.NSF 177746  

    IE.OFL 177677    IE.ONP 177773    IE.OVR 177756    IE.PRI 177760  

    IE.RAC 177724    IE.RAT 177723    IE.RBG 177730    IE.RCN 177722  

    IE.RER 177740    IE.RNM 177715    IE.RSU 177757    IE.SDP 177635  

    IE.SNC 177735    IE.SPC 177772    IE.SQC 177734    IE.SRE 177762  

    IE.STK 177706    IE.ULN 177773    IE.UPN 177777    IE.VER 177774  

    IE.WAC 177743    IE.WAT 177741    IE.WER 177737    IE.WLK 177764  

    IE.2DV 177720    IO.ACE 007400    IO.ACR 006400    IO.ACW 007000  

    IO.ADS 014000    IO.APC 014000    IO.APV 014010    IO.ATT 001400  

    IO.CCI 014000    IO.CCT 002460    IO.CLN 003400    IO.CON 015400  

    IO.CRC 001020    IO.CRE 012000    IO.CTI 015400    IO.CTL 016400  

    IO.DAC 010000    IO.DCI 014400    IO.DCT 002470    IO.DEL 012400  

    IO.DET 002000    IO.DIS 016000    IO.DTI 016000    IO.ENA 006000  

    IO.EOF 003000    IO.ESA 002500    IO.EXT 011400    IO.FDX 003020  

    IO.FNA 004400    IO.HDX 003010    IO.HIS 015000    IO.INL 002400  

    IO.ITI 017000    IO.KIL 000012    IO.LED 012000    IO.LOV 001010  

    IO.LTK 000050    IO.MCS 013400    IO.MDA 016000    IO.MDI 014400  

    IO.MDO 015400    IO.MLO 006000    IO.MOD 003000    IO.MSO 005000  

    IO.RAL 001010    IO.RAT 013000    IO.RBC 003000    IO.RCI 015000  

    IO.RCV 015000    IO.RDB 001200    IO.RDN 000022    IO.REL 013400  

    IO.RHD 001010    IO.RLB 001000    IO.RLV 001100    IO.RNA 005400  

    IO.RNC 001004    IO.RNE 001020    IO.RTC 003400    IO.RTI 016400  

    IO.RTK 000060    IO.RVB 010400    IO.RWD 002400    IO.RWU 002540  

    IO.R1C 002400    IO.SAO 004000    IO.SCS 013000    IO.SDI 013000  

    IO.SDO 012400    IO.SEC 002520    IO.SEM 002440    IO.SHT 002410  

    IO.SLO 005400    IO.SMO 002560    IO.SNM 002450    IO.SPB 002420  

    IO.SPF 002440    IO.SSO 004400    IO.SST 002430    IO.STC 002500  

    IO.STP 016400    IO.SYN 003040    IO.TRM 002410    IO.UNL 000042  

    IO.WAT 013400    IO.WLB 000400    IO.WLS 000410    IO.WLV 000500  

    IO.WVB 011000    IO.XMT 014400    IO.XNA 014410    IQ.Q   000002  

    IQ.X   000001    IS.BV  000005    IS.CLR 000000    IS.CR  006401  

    IS.ESC 015401    IS.PND 000000    IS.RDD 000002    IS.SET 000002  

    IS.SUC 000001    QI.VER 000300  



*** FILE: SYSLIB.OLB;1  TITLE: CLOSE   IDENT: 0102S 


<. BLK.>: 111212 111447 000236


    .CLOSE 111212-R



*** FILE: SYSLIB.OLB;1  TITLE: .CSI1   IDENT: 05    


<. BLK.>: 111450 112725 001256


    .CSI1  111450-R



*** FILE: SYSLIB.OLB;1  TITLE: .CSI2   IDENT: 04    


<. BLK.>: 112726 114103 001156


    .CSI2  112726-R



*** FILE: SYSLIB.OLB;1  TITLE: .ODCVT  IDENT: X03.01


<$$RESL>: 130460 130673 000214


    .DCCVT 130464-R  .ODCVT 130460-R



*** FILE: SYSLIB.OLB;1  TITLE: FINIT   IDENT: 0101MS


<. BLK.>: 114104 114207 000104


    .FINIT 114104-R  ..FINI 114114-R



*** FILE: SYSLIB.OLB;1  TITLE: GETSQ   IDENT: 0105MS


<. BLK.>: 114210 114731 000522


    .GETSQ 114210-R



*** FILE: SYSLIB.OLB;1  TITLE: PNTMRK  IDENT: 0100MS


<. BLK.>: 114732 115017 000066


    .MARK  114772-R  .POINT 114732-R



*** FILE: SYSLIB.OLB;1  TITLE: OVDAT   IDENT: 05    


<. ABS.>: 000000 000000 000000


    .NOVPT 000042  


<. BLK.>: 115020 115031 000012


    .NALER 115030-R  .NIOST 115024-R  .NOVLY 115020-R  .NSTBL 115022-R



*** FILE: SYSLIB.OLB;1  TITLE: ALERR   IDENT: 00    


<$$ALER>: 125636 125661 000024


    $ALERR 125636-R



*** FILE: SYSLIB.OLB;1  TITLE: OPFNB   IDENT: 0106S 


<. BLK.>: 115032 116603 001552


    .OPFNB 115032-R



*** FILE: SYSLIB.OLB;1  TITLE: RQLCB   IDENT: 03    


<$$RESL>: 130674 131133 000240


    $RLCB  130674-R  $RQCB  130776-R



*** FILE: SYSLIB.OLB;1  TITLE: PARSE   IDENT: 0101MS


<. BLK.>: 116604 116677 000074


    .PARSE 116644-R  ..PARS 116656-R  ..STFN 116604-R



*** FILE: SYSLIB.OLB;1  TITLE: PUTSQ   IDENT: 0101MS


<. BLK.>: 116700 117761 001062


    .PUTSQ 116700-R



*** FILE: SYSLIB.OLB;1  TITLE: READ    IDENT: 0100MS


<. BLK.>: 117762 120013 000032


    .READ  117762-R



*** FILE: SYSLIB.OLB;1  TITLE: SAVR1   IDENT: 0101  


<$$RESL>: 131134 131167 000034


    .SAVR1 131134-R



*** FILE: SYSLIB.OLB;1  TITLE: WAITU   IDENT: 0100MS


<. BLK.>: 120014 120035 000022


    .WAIT  120014-R



*** FILE: SYSLIB.OLB;1  TITLE: WRITE   IDENT: 0101MS


<. BLK.>: 120036 120145 000110


    .WRITE 120036-R



*** FILE: SYSLIB.OLB;1  TITLE: XQIOU   IDENT: 0100MS


<. BLK.>: 120146 120203 000036


    .XQIO  120146-R



*** FILE: SYSLIB.OLB;1  TITLE: CKALOC  IDENT: 0103MS


<. BLK.>: 120204 120471 000266


    ..ALC1 120254-R  ..ALOC 120204-R  ..EXTD 120304-R  ..EXT1 120360-R



*** FILE: SYSLIB.OLB;1  TITLE: ASSLUN  IDENT: 0102MS


<. BLK.>: 120472 120665 000174


    .ASLUN 120472-R  ..ALUN 120476-R



*** FILE: SYSLIB.OLB;1  TITLE: BDBREC  IDENT: 0100MS


<. BLK.>: 120666 120747 000062


    ..BDRC 120666-R



*** FILE: SYSLIB.OLB;1  TITLE: BKRG    IDENT: 0100MS


<. BLK.>: 120750 120767 000020


    ..BKRG 120750-R



*** FILE: SYSLIB.OLB;1  TITLE: CREATE  IDENT: 0103MS


<. BLK.>: 120770 121155 000166


    ..CREA 120770-R



*** FILE: SYSLIB.OLB;1  TITLE: DEL     IDENT: 0100MS


<. BLK.>: 121156 121215 000040


    ..DEL1 121156-R



*** FILE: SYSLIB.OLB;1  TITLE: EOFCHK  IDENT: 0100MS


<. BLK.>: 121216 121371 000154


    ..EFCK 121216-R  ..EFC1 121224-R  ..SEFB 121274-R



*** FILE: SYSLIB.OLB;1  TITLE: DIRECT  IDENT: 0101MS


<. BLK.>: 121372 121457 000066


    ..ENTR 121372-R  ..FIND 121406-R  ..RMOV 121400-R



*** FILE: SYSLIB.OLB;1  TITLE: COMMON  IDENT: 0101MS


<. BLK.>: 121460 121473 000014


    .FATAL 121472-R  ..FCSX 121460-R



*** FILE: SYSLIB.OLB;1  TITLE: XQIOI   IDENT: 0101MS


<. BLK.>: 121474 121621 000126


    ..IDPB 121572-R  ..XQIO 121474-R  ..XQI1 121512-R



*** FILE: SYSLIB.OLB;1  TITLE: MKDL    IDENT: 0100MS


<. BLK.>: 121622 121637 000016


    ..MKDL 121622-R



*** FILE: SYSLIB.OLB;1  TITLE: MOVREC  IDENT: 0100MS


<. BLK.>: 121640 121753 000114


    ..MVRC 121702-R  ..MVRU 121640-R  ..MVR1 121706-R



*** FILE: SYSLIB.OLB;1  TITLE: PGCS    IDENT: 0100MS


<. BLK.>: 121754 122031 000056


    ..PGCS 121754-R  ..SQER 122020-R



*** FILE: SYSLIB.OLB;1  TITLE: POINT   IDENT: 0100MS


<. BLK.>: 122032 122165 000134


    ..PNT1 122032-R



*** FILE: SYSLIB.OLB;1  TITLE: PARSDI  IDENT: 0102MS


<. BLK.>: 122166 122403 000216


    .PRSDI 122166-R  ..PSDI 122200-R



*** FILE: SYSLIB.OLB;1  TITLE: DIRFND  IDENT: 0104MS


<. BLK.>: 122404 122515 000112


    ..DIRF 122404-R



*** FILE: SYSLIB.OLB;1  TITLE: ASCPPN  IDENT: 0104MS


<. BLK.>: 122516 122635 000120


    .ASCPP 122516-R



*** FILE: SYSLIB.OLB;1  TITLE: PPNASC  IDENT: 0104MS


<. BLK.>: 122636 123021 000164


    .PPASC 122636-R



*** FILE: SYSLIB.OLB;1  TITLE: DIFND   IDENT: 0105MS


<. BLK.>: 123022 123157 000136


    ..DID  123022-R



*** FILE: SYSLIB.OLB;1  TITLE: PARDI   IDENT: 0102MS


<. BLK.>: 123160 123407 000230


    ..PDI  123160-R



*** FILE: SYSLIB.OLB;1  TITLE: PARSDV  IDENT: 0102MS


<. BLK.>: 123410 123603 000174


    .PRSDV 123410-R  ..PSDV 123422-R



*** FILE: SYSLIB.OLB;1  TITLE: PARSFN  IDENT: 0102MS


<. BLK.>: 123604 124353 000550


    .PRSFN 123604-R  ..PSFN 123616-R



*** FILE: SYSLIB.OLB;1  TITLE: WAITI   IDENT: 0100MS


<. BLK.>: 124354 124463 000110


    ..QIOW 124354-R  ..WAEF 124414-R  ..WAIT 124374-R



*** FILE: SYSLIB.OLB;1  TITLE: RSTFDB  IDENT: 0101S 


<. BLK.>: 124464 124571 000106


    ..RFDB 124464-R



*** FILE: SYSLIB.OLB;1  TITLE: RETADR  IDENT: 0100MS


<. BLK.>: 124572 124701 000110


    ..RTAD 124572-R



*** FILE: SYSLIB.OLB;1  TITLE: RDWAIT  IDENT: 0101S 


<. BLK.>: 124702 124775 000074


    ..RWAC 124724-R  ..RWAT 124702-R



*** FILE: SYSLIB.OLB;1  TITLE: RWBLK   IDENT: 0101S 


<. BLK.>: 124776 125041 000044


    ..RBLK 124776-R  ..WBLK 125004-R



*** FILE: SYSLIB.OLB;1  TITLE: RDWRIT  IDENT: 0102MS


<. BLK.>: 125042 125233 000172


    ..RWCK 125042-R  ..WTRD 125126-R



*** FILE: SYSLIB.OLB;1  TITLE: ASCR50  IDENT: 0104MS


<. BLK.>: 125234 125423 000170


    ..SGR5 125234-R



*** FILE: SYSLIB.OLB;1  TITLE: WATNOD  IDENT: 0100MS


<. BLK.>: 125424 125445 000022


    ..WAND 125424-R



*** FILE: SYSLIB.OLB;1  TITLE: WATSET  IDENT: 0101MS


<. BLK.>: 125446 125503 000036


    ..WAST 125446-R



*** FILE: SYSLIB.OLB;1  TITLE: WTWAIT  IDENT: 0100S 


<. BLK.>: 125504 125631 000126


    ..WTWA 125504-R  ..WTWD 125504-R  ..WTW1 125510-R

*** SEGMENT: ZAPLIB



R/W MEM  LIMITS: 131314 134707 003374

DISK BLK LIMITS: 000034 000037 000004



PROGRAM SECTION ALLOCATION SYNOPSIS:


<. BLK.>: 131314 134707 003374



*** FILE: ZAPLIB.OLB;3  TITLE: ZINIT   IDENT: 11M005


<. BLK.>: 131314 132333 001020


    ZAPINI 131314-R



*** FILE: ZAPLIB.OLB;3  TITLE: ZOPEN   IDENT: 000005


<. BLK.>: 132334 133143 000610


    FCSOPE 132366-R  ROVZRO 133036-R  VIRTZE 132772-R



*** FILE: SYSLIB.OLB;1  TITLE: OPEN    IDENT: 0106S 


<. BLK.>: 133144 134707 001544


    .OPEN  133144-R

*** SEGMENT: ZAPLIB



R/W MEM  LIMITS: 131314 135447 004134

DISK BLK LIMITS: 000040 000044 000005



PROGRAM SECTION ALLOCATION SYNOPSIS:


<. BLK.>: 131314 135447 004134



*** FILE: ZAPLIB.OLB;3  TITLE: ZPROC   IDENT: 000005


<. BLK.>: 131314 135447 004134


    ZAPPRO 131314-R

*** SEGMENT: ZAPLIB



R/W MEM  LIMITS: 131314 131407 000074

DISK BLK LIMITS: 000045 000045 000001



PROGRAM SECTION ALLOCATION SYNOPSIS:


<. BLK.>: 131314 131405 000072



*** FILE: ZAPLIB.OLB;3  TITLE: ZCLOSE  IDENT: 000002


<. BLK.>: 131314 131405 000072


    ABORT  131400-R  FCSCLO 131314-R

ZAP        CREATED BY  TKB    ON 14-APR-81 AT 14:40	PAGE 1


GLOBAL CROSS REFERENCE                                  CREF         


SYMBOL	VALUE	   REFERENCES...


ABORT 	131400-R  @ ZAP     * ZCLOSE

ABSOLU	000001    # ZIOSRV    ZOPEN 

A.BFSR	000004    # FCSGBL

A.DFBC	000100    # FCSGBL

A.DFDR	000050    # FCSGBL    PARDI 

A.DPB 	000014      ASSLUN  # FCSGBL    WAITI     XQIOI 

A.EFSR	000006    # FCSGBL

A.FIPR	000012    # FCSGBL

A.IOST	000044    # FCSGBL    OPEN      OPFNB     XQIOI 

A.OWUI	000010    # FCSGBL    OPEN      OPFNB     PARDI     .GCML 

BLKBUF	105210-R    ZINIT   # ZIOSRV

BLKNUM	106330-R  # ZIOSRV    ZOPEN 

BYTSXT	106742-R  # ZIOSRV    ZPROC 

B.BBFS	000010      BDBREC  # FCSGBL

B.BFST	000015    # FCSGBL

B.NXBD	000012    # FCSGBL    OPEN      OPFNB 

B.VBN 	000004      BDBREC  # FCSGBL

CMIERR	000012    # ZIOSRV    ZOPEN 

CMLADR	104642-R  # ZIOSRV    ZPROC 

CMLBLK	104472-R    ZCLOSE  # ZIOSRV    ZOPEN 

CMLLEN	104640-R  # ZIOSRV    ZPROC 

COMAND	106342-R  # ZIOSRV    ZPROC 

CSIBLK	105104-R  # ZIOSRV    ZOPEN 

CSIERR	000010    # ZIOSRV    ZOPEN 

D.DFDV	000024    # FCSGBL    PARDI 

D.DFID	000016    # FCSGBL    PARDI 

D.DFUN	000026    # FCSGBL    PARDI 

EOL   	106572-R    ZAP       ZINIT   # ZIOSRV    ZPROC 

ERRPRT	101764-R  # ZAP       ZINIT     ZIOSRV    ZOPEN     ZPROC 

FA.APD	000100    # FCSGBL    OPEN      OPFNB 

FA.CRE	000010    # FCSGBL    OPEN      OPFNB 

FA.EXT	000004    # FCSGBL    OPEN      OPFNB 

FA.NSP	000100    # FCSGBL    OPEN      OPFNB 

FA.RD 	000001      CLOSE   # FCSGBL    OPEN      OPFNB 

FA.SHR	000040    # FCSGBL    OPEN      OPFNB 

FA.TMP	000020    # FCSGBL    OPEN      OPFNB     PARSDI    RSTFDB

FA.WRT	000002    # FCSGBL

FCSCLO	131314-R  @ ZAP     * ZCLOSE

FCSOPE	132366-R    ZINIT   * ZOPEN 

FCSREA	106424-R    ZAP       ZINIT   # ZIOSRV

FD.BLK	000010    # FCSGBL    GETSQ     OPEN      OPFNB     PUTSQ 

FD.CCL	000002    # FCSGBL    PUTSQ 

FD.CR 	000002    # FCSGBL    OPEN      OPFNB     PUTSQ 

FD.DIR	000010      DIRECT  # FCSGBL    PARSDI

FD.FTN	000001    # FCSGBL    OPEN      OPFNB     PUTSQ 

FD.INS	000010    # FCSGBL    OPEN      OPFNB     PUTSQ 

FD.PLC	000004    # FCSGBL    GETSQ     OPEN      OPFNB     RETADR

FD.RAH	000001    # FCSGBL

FD.RAN	000002    # FCSGBL    OPEN      OPFNB     PGCS      PUTSQ 

FD.REC	000001      BDBREC    CLOSE     CREATE  # FCSGBL    GETSQ     OPEN      OPFNB     PNTMRK    PUTSQ     RDWAIT    RDWRIT

                    RETADR

FD.RWM	000001      CLOSE   # FCSGBL    OPEN      OPFNB     PGCS      RDWRIT    RSTFDB

ZAP        CREATED BY  TKB    ON 14-APR-81 AT 14:40	PAGE 2


GLOBAL CROSS REFERENCE                                  CREF         


SYMBOL	VALUE	   REFERENCES...


FD.SDI	000020    # FCSGBL    PARSDI

FD.SQD	000040      CLOSE   # FCSGBL    OPEN      OPFNB 

FD.TTY	000004    # FCSGBL    .GCML 

FD.WBH	000002    # FCSGBL

FO.APD	000106    # FCSGBL

FO.MFY	000002    # FCSGBL

FO.RD 	000001    # FCSGBL    .GCML 

FO.UPD	000006    # FCSGBL

FO.WRT	000016    # FCSGBL

F.ALOC	000040      CKALOC  # FCSGBL

F.BBFS	000062      ASSLUN    BDBREC    BKRG    # FCSGBL    OPEN      OPFNB     PUTSQ     RSTFDB

F.BDB 	000070      BKRG      CLOSE   # FCSGBL    GETSQ     OPEN      OPFNB     PARSE     PGCS      RDWAIT    RDWRIT    RSTFDB

                    WTWAIT    XQIOI     .GCML 

F.BGBC	000057    # FCSGBL

F.BKDN	000026    # FCSGBL    RDWRIT

F.BKDS	000020    # FCSGBL    RDWRIT

F.BKEF	000050    # FCSGBL

F.BKP1	000051      CLOSE     EOFCHK  # FCSGBL    GETSQ     OPEN      OPFNB     POINT     PUTSQ     WRITE     WTWAIT

F.BKST	000024    # FCSGBL    RDWRIT    WAITU 

F.BKVB	000064    # FCSGBL    RDWRIT

F.CNTG	000034      CREATE  # FCSGBL    RSTFDB

F.DFNB	000046    # FCSGBL    PARSE     .GCML 

F.DSPT	000044    # FCSGBL    PARSE     .GCML 

F.DVNM	000134    # FCSGBL

F.EFBK	000010      CKALOC    EOFCHK  # FCSGBL    OPEN      OPFNB     PUTSQ     WRITE 

F.EFN 	000050    # FCSGBL    WAITI     XQIOI 

F.EOBB	000032      BDBREC    EOFCHK  # FCSGBL    GETSQ     PNTMRK    POINT     PUTSQ     RETADR    WATSET

F.ERR 	000052      ASSLUN    CKALOC    CLOSE     COMMON    DEL       DIRFND    EOFCHK  # FCSGBL    GETSQ     MOVREC    OPEN  

                    OPFNB     PARSDI    PARSDV    PARSE     PARSFN    PGCS      PNTMRK    POINT     PUTSQ     RDWRIT    WAITI 

                    WRITE     WTWAIT    XQIOI     XQIOU     .GCML 

F.FACC	000043      CLOSE   # FCSGBL    OPEN      OPFNB     PARSDI    RSTFDB    .GCML 

F.FFBY	000014      EOFCHK  # FCSGBL    OPEN      OPFNB     PUTSQ     WRITE 

F.FNAM	000110      CREATE  # FCSGBL

F.FNB 	000102      CKALOC  # FCSGBL    OPEN      OPFNB     PARSE     RSTFDB    .GCML 

F.FTYP	000116    # FCSGBL

F.FVER	000120      CLOSE   # FCSGBL    OPEN      OPFNB 

F.HIBK	000004      CKALOC    CREATE  # FCSGBL    OPEN      OPFNB 

F.LUN 	000042      ASSLUN  # FCSGBL    XQIOI 

F.MBCT	000054    # FCSGBL

F.MBC1	000055    # FCSGBL

F.MBFG	000056    # FCSGBL

F.NRBD	000024    # FCSGBL    GETSQ     MOVREC    OPEN      OPFNB     PUTSQ     RETADR    RSTFDB    .GCML 

F.NREC	000030      BDBREC    CLOSE     EOFCHK  # FCSGBL    GETSQ     OPEN      OPFNB     PNTMRK    POINT     PUTSQ     RETADR

                    WATSET

F.OVBS	000030    # FCSGBL    OPEN      OPFNB     RSTFDB

F.RACC	000016      CLOSE   # FCSGBL    GETSQ     OPEN      OPFNB     PGCS      PUTSQ     RDWRIT    RETADR    RSTFDB

F.RATT	000001    # FCSGBL    GETSQ     OPEN      OPFNB     PUTSQ 

F.RCNM	000034    # FCSGBL    GETSQ     OPEN      OPFNB     PUTSQ 

F.RCTL	000017      ASSLUN    BDBREC    CLOSE     CREATE    DIRECT  # FCSGBL    GETSQ     OPEN      OPFNB     PARSDI    PNTMRK

                    PUTSQ     RDWAIT    RDWRIT    RETADR    .GCML 

F.RSIZ	000002    # FCSGBL    GETSQ     OPEN      OPFNB     PUTSQ     RETADR

F.RTYP	000000      CLOSE   # FCSGBL    GETSQ     OPEN      OPFNB     PUTSQ     RETADR

ZAP        CREATED BY  TKB    ON 14-APR-81 AT 14:40	PAGE 3


GLOBAL CROSS REFERENCE                                  CREF         


SYMBOL	VALUE	   REFERENCES...


F.STBK	000036    # FCSGBL    OPEN      OPFNB     RSTFDB

F.UNIT	000136    # FCSGBL

F.URBD	000020    # FCSGBL    GETSQ     MOVREC    OPEN      OPFNB     RETADR    .GCML 

F.VBN 	000064      BDBREC    EOFCHK  # FCSGBL    OPEN      OPFNB     PNTMRK    POINT     PUTSQ     RDWAIT    RDWRIT    RWBLK 

                    WRITE     WTWAIT

F.VBSZ	000060      ASSLUN    BDBREC    EOFCHK  # FCSGBL    OPEN      OPFNB     PNTMRK    POINT     PUTSQ     RDWRIT

IE.ABO	177761    # QIOSYM

IE.ACT	177771    # QIOSYM

IE.ADP	177636    # QIOSYM

IE.ALN	177736    # QIOSYM

IE.AST	177660    # QIOSYM

IE.BAD	177777    # QIOSYM

IE.BBE	177710    # QIOSYM

IE.BDI	177714      DIRFND  # QIOSYM

IE.BDR	177716    # QIOSYM

IE.BDV	177711      PARSDV  # QIOSYM

IE.BHD	177700    # QIOSYM

IE.BLK	177754    # QIOSYM

IE.BNM	177712      PARSFN  # QIOSYM

IE.BTF	177675    # QIOSYM

IE.BTP	177725      OPEN      OPFNB   # QIOSYM

IE.BVR	177701    # QIOSYM

IE.BYT	177755    # QIOSYM

IE.CKP	177766    # QIOSYM

IE.CKS	177742    # QIOSYM

IE.CLO	177732    # QIOSYM

IE.CON	177752    # QIOSYM

IE.DAA	177770    # QIOSYM

IE.DAO	177763      PUTSQ   # QIOSYM

IE.DFU	177750    # QIOSYM

IE.DNA	177771    # QIOSYM

IE.DNR	177775    # QIOSYM

IE.DUN	177767    # QIOSYM

IE.DUP	177707      OPEN      OPFNB   # QIOSYM

IE.EBX	177776    # QIOSYM

IE.EOF	177766      EOFCHK    GETSQ     OPEN      OPFNB   # QIOSYM    .GCML 

IE.EOT	177702    # QIOSYM

IE.EOV	177765    # QIOSYM

IE.EXP	177676    # QIOSYM

IE.FEX	177717    # QIOSYM

IE.FHE	177705    # QIOSYM

IE.FOP	177713      OPEN      OPFNB   # QIOSYM

IE.HFU	177744    # QIOSYM

IE.HWR	177772    # QIOSYM

IE.IDU	177644    # QIOSYM

IE.IEF	177637    # QIOSYM

IE.IFC	177776    # QIOSYM

IE.IFU	177747    # QIOSYM

IE.ILL	177726      PGCS    # QIOSYM    RDWRIT

IE.ILU	177640    # QIOSYM

IE.INS	177776    # QIOSYM

IE.IPR	177641    # QIOSYM

ZAP        CREATED BY  TKB    ON 14-APR-81 AT 14:40	PAGE 4


GLOBAL CROSS REFERENCE                                  CREF         


SYMBOL	VALUE	   REFERENCES...


IE.ISQ	177703      PGCS    # QIOSYM

IE.ITI	177643    # QIOSYM

IE.ITS	177770    # QIOSYM

IE.LCK	177745    # QIOSYM

IE.LNL	177646    # QIOSYM

IE.MBK	177721    # QIOSYM    RDWRIT

IE.MOD	177753    # QIOSYM

IE.NBF	177731      OPEN      OPFNB   # QIOSYM

IE.NBK	177727      CKALOC  # QIOSYM

IE.NFI	177704    # QIOSYM

IE.NLN	177733    # QIOSYM

IE.NNC	177674    # QIOSYM

IE.NOD	177751    # QIOSYM

IE.NSF	177746    # QIOSYM

IE.OFL	177677    # QIOSYM

IE.ONP	177773    # QIOSYM

IE.OVR	177756    # QIOSYM

IE.PRI	177760    # QIOSYM

IE.RAC	177724      OPEN      OPFNB   # QIOSYM

IE.RAT	177723      OPEN      OPFNB   # QIOSYM

IE.RBG	177730      GETSQ     MOVREC    OPEN      OPFNB     PUTSQ   # QIOSYM

IE.RCN	177722    # QIOSYM

IE.RER	177740    # QIOSYM

IE.RNM	177715    # QIOSYM

IE.RSU	177757    # QIOSYM

IE.SDP	177635    # QIOSYM

IE.SNC	177735    # QIOSYM

IE.SPC	177772    # QIOSYM

IE.SQC	177734    # QIOSYM

IE.SRE	177762    # QIOSYM

IE.STK	177706    # QIOSYM

IE.ULN	177773    # QIOSYM

IE.UPN	177777    # QIOSYM    WATNOD

IE.VER	177774    # QIOSYM

IE.WAC	177743    # QIOSYM

IE.WAT	177741    # QIOSYM

IE.WER	177737    # QIOSYM

IE.WLK	177764    # QIOSYM

IE.2DV	177720    # QIOSYM

IO.ACE	007400      OPEN      OPFNB   # QIOSYM

IO.ACR	006400      OPEN      OPFNB   # QIOSYM

IO.ACW	007000      OPEN      OPFNB   # QIOSYM

IO.ADS	014000    # QIOSYM

IO.APC	014000    # QIOSYM

IO.APV	014010    # QIOSYM

IO.ATT	001400    # QIOSYM    .GCML 

IO.CCI	014000    # QIOSYM

IO.CCT	002460    # QIOSYM

IO.CLN	003400    # QIOSYM

IO.CON	015400    # QIOSYM

IO.CRC	001020    # QIOSYM

IO.CRE	012000      CREATE  # QIOSYM

ZAP        CREATED BY  TKB    ON 14-APR-81 AT 14:40	PAGE 5


GLOBAL CROSS REFERENCE                                  CREF         


SYMBOL	VALUE	   REFERENCES...


IO.CTI	015400    # QIOSYM

IO.CTL	016400    # QIOSYM

IO.DAC	010000      CLOSE     OPEN      OPFNB   # QIOSYM

IO.DCI	014400    # QIOSYM

IO.DCT	002470    # QIOSYM

IO.DEL	012400      MKDL    # QIOSYM

IO.DET	002000    # QIOSYM    .GCML 

IO.DIS	016000    # QIOSYM

IO.DTI	016000    # QIOSYM

IO.ENA	006000      DIRECT  # QIOSYM

IO.EOF	003000    # QIOSYM

IO.ESA	002500    # QIOSYM

IO.EXT	011400      CKALOC  # QIOSYM

IO.FDX	003020    # QIOSYM

IO.FNA	004400      DIRECT  # QIOSYM

IO.HDX	003010    # QIOSYM

IO.HIS	015000    # QIOSYM

IO.INL	002400    # QIOSYM

IO.ITI	017000    # QIOSYM

IO.KIL	000012    # QIOSYM

IO.LED	012000    # QIOSYM

IO.LOV	001010    # QIOSYM

IO.LTK	000050    # QIOSYM

IO.MCS	013400    # QIOSYM

IO.MDA	016000    # QIOSYM

IO.MDI	014400    # QIOSYM

IO.MDO	015400    # QIOSYM

IO.MLO	006000    # QIOSYM

IO.MOD	003000    # QIOSYM

IO.MSO	005000    # QIOSYM

IO.RAL	001010    # QIOSYM

IO.RAT	013000    # QIOSYM

IO.RBC	003000    # QIOSYM

IO.RCI	015000    # QIOSYM

IO.RCV	015000    # QIOSYM

IO.RDB	001200    # QIOSYM

IO.RDN	000022    # QIOSYM

IO.REL	013400    # QIOSYM

IO.RHD	001010    # QIOSYM

IO.RLB	001000    # QIOSYM

IO.RLV	001100    # QIOSYM

IO.RNA	005400      DIRECT  # QIOSYM

IO.RNC	001004    # QIOSYM

IO.RNE	001020    # QIOSYM

IO.RTC	003400    # QIOSYM

IO.RTI	016400    # QIOSYM

IO.RTK	000060    # QIOSYM

IO.RVB	010400    # QIOSYM    READ      RWBLK 

IO.RWD	002400    # QIOSYM

IO.RWU	002540    # QIOSYM

IO.R1C	002400    # QIOSYM

IO.SAO	004000    # QIOSYM

ZAP        CREATED BY  TKB    ON 14-APR-81 AT 14:40	PAGE 6


GLOBAL CROSS REFERENCE                                  CREF         


SYMBOL	VALUE	   REFERENCES...


IO.SCS	013000    # QIOSYM

IO.SDI	013000    # QIOSYM

IO.SDO	012400    # QIOSYM

IO.SEC	002520    # QIOSYM

IO.SEM	002440    # QIOSYM

IO.SHT	002410    # QIOSYM

IO.SLO	005400    # QIOSYM

IO.SMO	002560    # QIOSYM

IO.SNM	002450    # QIOSYM

IO.SPB	002420    # QIOSYM

IO.SPF	002440    # QIOSYM

IO.SSO	004400    # QIOSYM

IO.SST	002430    # QIOSYM

IO.STC	002500    # QIOSYM

IO.STP	016400    # QIOSYM

IO.SYN	003040    # QIOSYM

IO.TRM	002410    # QIOSYM

IO.UNL	000042    # QIOSYM

IO.WAT	013400    # QIOSYM

IO.WLB	000400    # QIOSYM

IO.WLS	000410    # QIOSYM

IO.WLV	000500    # QIOSYM

IO.WVB	011000    # QIOSYM    RWBLK     WRITE     .GCML 

IO.XMT	014400    # QIOSYM

IO.XNA	014410    # QIOSYM

IQ.Q  	000002    # QIOSYM

IQ.X  	000001    # QIOSYM

IS.BV 	000005    # QIOSYM

IS.CLR	000000    # QIOSYM

IS.CR 	006401    # QIOSYM

IS.ESC	015401    # QIOSYM

IS.PND	000000    # QIOSYM

IS.RDD	000002    # QIOSYM

IS.SET	000002    # QIOSYM

IS.SUC	000001    # QIOSYM

LSTING	000004    # ZIOSRV    ZOPEN 

NB.DEV	000200    # FCSGBL    PARSDV

NB.DIR	000100    # FCSGBL    PARSDI

NB.NAM	000004    # FCSGBL    PARSFN

NB.SD1	000400    # FCSGBL

NB.SD2	001000    # FCSGBL

NB.SNM	000040    # FCSGBL    PARSFN

NB.STP	000020    # FCSGBL    PARSFN

NB.SVR	000010    # FCSGBL    PARSFN

NB.TYP	000002    # FCSGBL    PARSFN

NB.VER	000001    # FCSGBL    PARSFN

N.ALER	000010      AUTO    # OVRES 

N.DEVD	000000    # FCSGBL

N.DID 	000024      DIFND     DIRFND  # FCSGBL    PARDI     PARSDI

N.DIRD	000004    # FCSGBL

N.DVNM	000032      ASSLUN  # FCSGBL    PARDI     PARSDI    PARSDV

N.FID 	000000      CREATE    DIFND     DIRECT  # FCSGBL    OPEN      OPFNB 

ZAP        CREATED BY  TKB    ON 14-APR-81 AT 14:40	PAGE 7


GLOBAL CROSS REFERENCE                                  CREF         


SYMBOL	VALUE	   REFERENCES...


N.FNAM	000006      DIFND     DIRFND  # FCSGBL    PARSFN

N.FNMD	000010    # FCSGBL

N.FTYP	000014      DIFND   # FCSGBL    PARSFN

N.FVER	000016      DIFND   # FCSGBL    PARSFN

N.IOST	000004      OVCTL   # OVRES 

N.NEXT	000022      DIFND   # FCSGBL

N.OVLY	000000      OVCTL   # OVRES 

N.OVPT	000054      AUTO      OVCTL 

N.STAT	000020    # FCSGBL    PARSDI    PARSDV    PARSFN

N.STBL	000002    # OVRES 

N.UNIT	000034      ASSLUN  # FCSGBL    PARDI     PARSDI    PARSDV

OPENLO	101504-R  # ZAP       ZINIT     ZPROC 

OPNERR	000011    # ZIOSRV    ZOPEN 

OUTBUF	106210-R  # ZIOSRV

OUTC  	106746-R    ZINIT   # ZLSTIO    ZPROC 

OUTFDB	104274-R    ZCLOSE  # ZIOSRV    ZOPEN 

OUTN  	107250-R    ZINIT   # ZLSTIO    ZPROC 

OUTPTR	106336-R  # ZIOSRV    ZLSTIO

OUTR50	107010-R  # ZLSTIO    ZPROC 

OUTSA 	106760-R    ZAP       ZINIT   # ZLSTIO

O$VEF 	000037    # OVCTL 

QI.VER	000300    # QIOSYM

RDONLY	000002    # ZIOSRV    ZOPEN 

REALDO	102670-R  # ZAP       ZINIT     ZPROC 

REWRIT	106506-R    ZCLOSE  # ZIOSRV

ROVZRO	133036-R    ZINIT   * ZOPEN 

R.FIX 	000001      CLOSE   # FCSGBL    GETSQ     OPEN      OPFNB     PUTSQ     RETADR

R.VAR 	000002    # FCSGBL    GETSQ     OPEN      OPFNB     PUTSQ     RETADR

SAVRAT	105172-R    ZCLOSE  # ZIOSRV    ZOPEN 

SEGMAX	102672-R  # ZAP       ZINIT 

SEGTAB	102676-R  # ZAP       ZINIT 

SIGREG	125634-R  # BLILIB    ZAP       ZINIT     ZPROC 

SIGVAL	125632-R  # BLILIB    ZAP       ZINIT     ZPROC 

SIGXIT	177777    # ZIOSRV    ZOPEN 

STATBK	105160-R  # ZIOSRV    ZOPEN 

STKLIM	102674-R    BLILIB  # ZAP   

SWITCH	106340-R    ZAP       ZINIT   # ZIOSRV    ZOPEN 

S.BFHD	000020      BDBREC    BKRG    # FCSGBL    OPEN      OPFNB     RSTFDB    WATSET

S.FATT	000016      CLOSE     CREATE  # FCSGBL    OPEN      OPFNB 

S.FDB 	000140    # FCSGBL

S.FIDS	000014    # FCSGBL

S.FNAM	000006    # FCSGBL

S.FNB 	000036    # FCSGBL

S.FNBW	000017    # FCSGBL    PARSDV

S.FNTY	000004    # FCSGBL

S.FSR2	000102    # FCSGBL

S.FTYP	000002    # FCSGBL

S.NFEN	000020    # FCSGBL

TRANSL	106650-R    ZAP     # ZIOSRV

TRNERR	000013    # ZIOSRV

TSKERR	106630-R    ZCLOSE  # ZIOSRV

TSKFDB	104076-R    ZCLOSE  # ZIOSRV    ZOPEN 

ZAP        CREATED BY  TKB    ON 14-APR-81 AT 14:40	PAGE 8


GLOBAL CROSS REFERENCE                                  CREF         


SYMBOL	VALUE	   REFERENCES...


VIRTZE	132772-R    ZINIT   * ZOPEN 

WRITBK	106334-R  # ZIOSRV    ZOPEN     ZPROC 

ZAPINI	131314-R  @ ZAP     * ZINIT 

ZAPPRO	131314-R  @ ZAP     * ZPROC 

$ALERR	125636-R  # ALERR     OVDAT 

$AUTO 	125662-R  # AUTO  

$DSW  	000046      ALERR     ASSLUN    RDWRIT    XQIOI     .GCML 

$ENABL	107326-R  # BLILIB    ZAP       ZINIT     ZPROC 

$MARKS	130160-R    AUTO    # OVCTL 

$RDSEG	130264-R    AUTO    # OVCTL 

$RLCB 	130674-R  # RQLCB     RSTFDB

$RQCB 	130776-R    OPEN      OPFNB   # RQLCB 

$SAVRG	130434-R    AUTO      RQLCB   # SAVRG 

$SAV2 	107404-R  # BLILIB    ZLSTIO    ZPROC 

$SAV3 	107426-R  # BLILIB    ZAP       ZIOSRV    ZOPEN 

$SAV4 	107452-R  # BLILIB    ZLSTIO    ZPROC 

$SAV5 	107500-R  # BLILIB    ZINIT     ZOPEN     ZPROC 

$SIGNL	107364-R  # BLILIB    ZAP       ZINIT     ZIOSRV    ZOPEN     ZPROC 

$SIGN1	107370-R  # BLILIB    ZAP       ZINIT     ZPROC 

.ASCPP	122516-R  # ASCPPN    DIRFND

.ASLUN	120472-R  # ASSLUN

.CLOSE	011212-R  # CLOSE     ZCLOSE    .GCML 

.CSI1 	011450-R    ZOPEN   # .CSI1     .GCML 

.CSI2 	012726-R    ZOPEN   # .CSI2     .GCML 

.DCCVT	130464-R    .CSI1     .CSI2   # .ODCVT

.FATAL	121472-R  # COMMON    WAITI 

.FINIT	014104-R  # FINIT     ZOPEN     .GCML 

.FSRCB	130056-R  # FCSFSR    ZIOSRV

.FSRPT	000050      ASSLUN    CREATE    FCSFSR    FINIT     OPEN      OPFNB     PARDI     RSTFDB    WAITI     XQIOI     .GCML 

.GCML1	007550-R    ZIOSRV    ZOPEN   # .GCML 

.GCML2	110306-R  # .GCML 

.GCML3	110714-R  # .GCML 

.GETSQ	114210-R  # GETSQ     .GCML 

.MARK 	114772-R  # PNTMRK    .GCML 

.MBFCT	130156-R  # FCSFSR

.NALER	115030-R  # OVDAT 

.NIOST	115024-R  # OVDAT 

.NOVLY	115020-R  # OVDAT 

.NOVPT	000042    # OVDAT 

.NSTBL	115022-R  # OVDAT 

.ODCVT	130460-R    ASCPPN    PARSDV    PARSFN    .CSI1     .CSI2   # .ODCVT

.OPEN 	133144-R  * OPEN      ZOPEN 

.OPFNB	115032-R  # OPFNB     .GCML 

.PARSE	116644-R  # PARSE     .GCML 

.POINT	114732-R  # PNTMRK    .GCML 

.PPASC	122636-R    DIRFND    PARDI   # PPNASC

.PRSDI	122166-R  # PARSDI

.PRSDV	123410-R  # PARSDV

.PRSFN	123604-R  # PARSFN

.PUTSQ	116700-R  # PUTSQ     ZIOSRV

.READ 	117762-R  # READ      ZIOSRV

.SAVR1	131134-R    ASCPPN    ASSLUN    CKALOC    CLOSE     FINIT     GETSQ     OPEN      OPFNB     PARSDI    PARSDV    PARSE 

ZAP        CREATED BY  TKB    ON 14-APR-81 AT 14:40	PAGE 9


GLOBAL CROSS REFERENCE                                  CREF         


SYMBOL	VALUE	   REFERENCES...


                    PARSFN    PNTMRK    PUTSQ     READ    # SAVR1     WAITU     WRITE     XQIOU     .CSI1     .CSI2     .GCML 

                    .ODCVT

.WAIT 	120014-R  # WAITU     ZIOSRV

.WRITE	120036-R  # WRITE     ZIOSRV

.XQIO 	120146-R  # XQIOU     .GCML 

..ALC1	120254-R  # CKALOC    POINT     WRITE 

..ALOC	120204-R  # CKALOC    WTWAIT

..ALUN	120476-R  # ASSLUN    OPFNB     PARSDV    PARSE 

..BDRC	120666-R  # BDBREC    OPEN      OPFNB     RDWAIT    WTWAIT

..BKRG	120750-R  # BKRG      CLOSE     RDWAIT    WTWAIT

..CREA	120770-R  # CREATE    OPEN      OPFNB 

..DEL1	121156-R  # DEL       OPEN      OPFNB 

..DID 	123022-R  # DIFND     DIRFND

..DIRF	122404-R  # DIRFND    PARSDI

..EFCK	121216-R  # EOFCHK    POINT     PUTSQ 

..EFC1	121224-R  # EOFCHK    GETSQ     POINT 

..ENTR	121372-R    DEL     # DIRECT    OPEN      OPFNB 

..EXTD	120304-R  # CKALOC

..EXT1	120360-R  # CKALOC

..FCSX	121460-R    CLOSE   # COMMON    CREATE    GETSQ     OPEN      OPFNB     PUTSQ     WAITI     WATSET    WTWAIT

..FIND	121406-R    DIFND   # DIRECT    OPEN      OPFNB 

..FINI	114114-R  # FINIT     OPEN      OPFNB 

..IDPB	121572-R    CKALOC    CLOSE     CREATE    DIRECT    MKDL      OPEN      OPFNB     RDWRIT    RWBLK   # XQIOI     XQIOU 

..MKDL	121622-R    DEL     # MKDL      OPEN      OPFNB 

..MVRC	121702-R  # MOVREC

..MVRU	121640-R    GETSQ   # MOVREC

..MVR1	121706-R    GETSQ   # MOVREC    PUTSQ 

..PARS	116656-R  # PARSE 

..PDI 	123160-R  # PARDI     PARSDI

..PGCS	121754-R    GETSQ   # PGCS      PUTSQ 

..PNT1	122032-R    PNTMRK  # POINT 

..PSDI	122200-R  # PARSDI    PARSE 

..PSDV	123422-R  # PARSDV    PARSE 

..PSFN	123616-R    PARSE   # PARSFN

..QIOW	124354-R    CKALOC    CLOSE     CREATE    DIRECT    MKDL      OPEN      OPFNB     RWBLK   # WAITI     XQIOU 

..RBLK	124776-R    RDWAIT  # RWBLK 

..RFDB	124464-R    CLOSE     OPEN      OPFNB   # RSTFDB

..RMOV	121400-R    DEL     # DIRECT    OPEN      OPFNB 

..RTAD	124572-R    OPEN      OPFNB     PNTMRK    PUTSQ   # RETADR

..RWAC	124724-R    OPEN      OPFNB     POINT   # RDWAIT

..RWAT	124702-R    GETSQ   # RDWAIT

..RWCK	125042-R  # RDWRIT    READ      WRITE 

..SEFB	121274-R  # EOFCHK    RDWAIT    READ      WRITE 

..SGR5	125234-R  # ASCR50    DIRFND    PARSFN

..SQER	122020-R    GETSQ   # PGCS      PUTSQ 

..STFN	116604-R    OPEN    # PARSE 

..WAEF	124414-R  # WAITI     WAITU 

..WAIT	124374-R  # WAITI     WAITU     WATSET    WTWAIT

..WAND	125424-R    RDWAIT  # WATNOD    WTWAIT

..WAST	125446-R    RDWAIT  # WATSET

..WBLK	125004-R  # RWBLK     WTWAIT

..WTRD	125126-R  # RDWRIT    READ      WRITE 

ZAP        CREATED BY  TKB    ON 14-APR-81 AT 14:40	PAGE 10


GLOBAL CROSS REFERENCE                                  CREF         


SYMBOL	VALUE	   REFERENCES...


..WTWA	125504-R    PUTSQ   # WTWAIT

..WTWD	125504-R    POINT   # WTWAIT

..WTW1	125510-R    CLOSE     PUTSQ   # WTWAIT

..XQIO	121474-R    WAITI   # XQIOI 

..XQI1	121512-R    RDWRIT  # XQIOI 

